Archive member included to satisfy reference by file (symbol)

/usr/lib/gcc/arm-none-eabi/6.3.1/../../../arm-none-eabi/lib/thumb/v7-m/libc_nano.a(lib_a-atexit.o)
                              /usr/lib/gcc/arm-none-eabi/6.3.1/../../../arm-none-eabi/lib/thumb/v7-m/crt0.o (atexit)
/usr/lib/gcc/arm-none-eabi/6.3.1/../../../arm-none-eabi/lib/thumb/v7-m/libc_nano.a(lib_a-exit.o)
                              /usr/lib/gcc/arm-none-eabi/6.3.1/../../../arm-none-eabi/lib/thumb/v7-m/crt0.o (exit)
/usr/lib/gcc/arm-none-eabi/6.3.1/../../../arm-none-eabi/lib/thumb/v7-m/libc_nano.a(lib_a-fini.o)
                              /usr/lib/gcc/arm-none-eabi/6.3.1/../../../arm-none-eabi/lib/thumb/v7-m/crt0.o (__libc_fini_array)
/usr/lib/gcc/arm-none-eabi/6.3.1/../../../arm-none-eabi/lib/thumb/v7-m/libc_nano.a(lib_a-impure.o)
                              /usr/lib/gcc/arm-none-eabi/6.3.1/../../../arm-none-eabi/lib/thumb/v7-m/libc_nano.a(lib_a-exit.o) (_global_impure_ptr)
/usr/lib/gcc/arm-none-eabi/6.3.1/../../../arm-none-eabi/lib/thumb/v7-m/libc_nano.a(lib_a-init.o)
                              /usr/lib/gcc/arm-none-eabi/6.3.1/../../../arm-none-eabi/lib/thumb/v7-m/crt0.o (__libc_init_array)
/usr/lib/gcc/arm-none-eabi/6.3.1/../../../arm-none-eabi/lib/thumb/v7-m/libc_nano.a(lib_a-memcpy.o)
                              build/queue.o (memcpy)
/usr/lib/gcc/arm-none-eabi/6.3.1/../../../arm-none-eabi/lib/thumb/v7-m/libc_nano.a(lib_a-memset.o)
                              /usr/lib/gcc/arm-none-eabi/6.3.1/../../../arm-none-eabi/lib/thumb/v7-m/crt0.o (memset)
/usr/lib/gcc/arm-none-eabi/6.3.1/../../../arm-none-eabi/lib/thumb/v7-m/libc_nano.a(lib_a-__atexit.o)
                              /usr/lib/gcc/arm-none-eabi/6.3.1/../../../arm-none-eabi/lib/thumb/v7-m/libc_nano.a(lib_a-atexit.o) (__register_exitproc)
/usr/lib/gcc/arm-none-eabi/6.3.1/../../../arm-none-eabi/lib/thumb/v7-m/libc_nano.a(lib_a-__call_atexit.o)
                              /usr/lib/gcc/arm-none-eabi/6.3.1/../../../arm-none-eabi/lib/thumb/v7-m/libc_nano.a(lib_a-__atexit.o) (__call_exitprocs)
/usr/lib/gcc/arm-none-eabi/6.3.1/../../../arm-none-eabi/lib/thumb/v7-m/libnosys.a(_exit.o)
                              /usr/lib/gcc/arm-none-eabi/6.3.1/../../../arm-none-eabi/lib/thumb/v7-m/libc_nano.a(lib_a-exit.o) (_exit)

Allocating common symbols
Common symbol       size              file

sensorMonitorHandle
                    0x4               build/freertos.o
hspi2               0x58              build/spi.o
sensorMonitorBuffer
                    0x200             build/freertos.o
uwTick              0x4               build/stm32f1xx_hal.o
xQueueRegistry      0x40              build/queue.o
consoleHandle       0x4               build/freertos.o
pFlash              0x20              build/stm32f1xx_hal_flash.o
heartBeatControlBlock
                    0x54              build/freertos.o
sensorMonitorControlBlock
                    0x54              build/freertos.o
huart1              0x40              build/usart.o
consoleBuffer       0x200             build/freertos.o
consoleControlBlock
                    0x54              build/freertos.o
heartBeatBuffer     0x200             build/freertos.o
htim1               0x48              build/stm32f1xx_hal_timebase_tim.o
heartBeatHandle     0x4               build/freertos.o

Discarded input sections

 .text          0x0000000000000000        0x0 /usr/lib/gcc/arm-none-eabi/6.3.1/thumb/v7-m/crti.o
 .data          0x0000000000000000        0x0 /usr/lib/gcc/arm-none-eabi/6.3.1/thumb/v7-m/crti.o
 .bss           0x0000000000000000        0x0 /usr/lib/gcc/arm-none-eabi/6.3.1/thumb/v7-m/crti.o
 .data          0x0000000000000000        0x4 /usr/lib/gcc/arm-none-eabi/6.3.1/thumb/v7-m/crtbegin.o
 .text          0x0000000000000000       0x68 /usr/lib/gcc/arm-none-eabi/6.3.1/../../../arm-none-eabi/lib/thumb/v7-m/crt0.o
 .data          0x0000000000000000        0x0 /usr/lib/gcc/arm-none-eabi/6.3.1/../../../arm-none-eabi/lib/thumb/v7-m/crt0.o
 .bss           0x0000000000000000        0x0 /usr/lib/gcc/arm-none-eabi/6.3.1/../../../arm-none-eabi/lib/thumb/v7-m/crt0.o
 .ARM.extab     0x0000000000000000        0x0 /usr/lib/gcc/arm-none-eabi/6.3.1/../../../arm-none-eabi/lib/thumb/v7-m/crt0.o
 .ARM.exidx     0x0000000000000000        0x8 /usr/lib/gcc/arm-none-eabi/6.3.1/../../../arm-none-eabi/lib/thumb/v7-m/crt0.o
 .debug_line    0x0000000000000000       0x7e /usr/lib/gcc/arm-none-eabi/6.3.1/../../../arm-none-eabi/lib/thumb/v7-m/crt0.o
 .debug_info    0x0000000000000000       0xa3 /usr/lib/gcc/arm-none-eabi/6.3.1/../../../arm-none-eabi/lib/thumb/v7-m/crt0.o
 .debug_abbrev  0x0000000000000000       0x14 /usr/lib/gcc/arm-none-eabi/6.3.1/../../../arm-none-eabi/lib/thumb/v7-m/crt0.o
 .debug_aranges
                0x0000000000000000       0x20 /usr/lib/gcc/arm-none-eabi/6.3.1/../../../arm-none-eabi/lib/thumb/v7-m/crt0.o
 .ARM.attributes
[...]
Memory Configuration

Name             Origin             Length             Attributes
RAM              0x0000000020000000 0x0000000000005000 xrw
FLASH            0x0000000008000000 0x0000000000010000 xr
*default*        0x0000000000000000 0xffffffffffffffff

Linker script and memory map

LOAD /usr/lib/gcc/arm-none-eabi/6.3.1/thumb/v7-m/crti.o
LOAD /usr/lib/gcc/arm-none-eabi/6.3.1/thumb/v7-m/crtbegin.o
LOAD /usr/lib/gcc/arm-none-eabi/6.3.1/../../../arm-none-eabi/lib/thumb/v7-m/crt0.o
LOAD build/main.o
LOAD build/freertos.o
LOAD build/stm32f1xx_it.o
LOAD build/stm32f1xx_hal_msp.o
LOAD build/stm32f1xx_hal_timebase_tim.o
LOAD build/stm32f1xx_hal_gpio_ex.o
LOAD build/stm32f1xx_hal.o
LOAD build/stm32f1xx_hal_rcc.o
LOAD build/stm32f1xx_hal_rcc_ex.o
LOAD build/stm32f1xx_hal_gpio.o
LOAD build/stm32f1xx_hal_dma.o
LOAD build/stm32f1xx_hal_cortex.o
LOAD build/stm32f1xx_hal_pwr.o
LOAD build/stm32f1xx_hal_flash.o
LOAD build/stm32f1xx_hal_flash_ex.o
LOAD build/stm32f1xx_hal_exti.o
LOAD build/stm32f1xx_hal_spi.o
LOAD build/stm32f1xx_hal_tim.o
LOAD build/stm32f1xx_hal_tim_ex.o
LOAD build/stm32f1xx_hal_uart.o
LOAD build/system_stm32f1xx.o
LOAD build/croutine.o
LOAD build/event_groups.o
LOAD build/list.o
LOAD build/queue.o
LOAD build/stream_buffer.o
LOAD build/tasks.o
LOAD build/timers.o
LOAD build/cmsis_os.o
LOAD build/heap_4.o
LOAD build/port.o
LOAD build/gpio.o
LOAD build/spi.o
LOAD build/usart.o
LOAD build/startup_stm32f103xb.o
LOAD /usr/lib/gcc/arm-none-eabi/6.3.1/../../../arm-none-eabi/lib/thumb/v7-m/libc_nano.a
LOAD /usr/lib/gcc/arm-none-eabi/6.3.1/../../../arm-none-eabi/lib/thumb/v7-m/libm.a
LOAD /usr/lib/gcc/arm-none-eabi/6.3.1/../../../arm-none-eabi/lib/thumb/v7-m/libnosys.a
START GROUP
LOAD /usr/lib/gcc/arm-none-eabi/6.3.1/thumb/v7-m/libgcc.a
LOAD /usr/lib/gcc/arm-none-eabi/6.3.1/../../../arm-none-eabi/lib/thumb/v7-m/libc_nano.a
END GROUP
START GROUP
LOAD /usr/lib/gcc/arm-none-eabi/6.3.1/thumb/v7-m/libgcc.a
LOAD /usr/lib/gcc/arm-none-eabi/6.3.1/../../../arm-none-eabi/lib/thumb/v7-m/libc_nano.a
END GROUP
LOAD /usr/lib/gcc/arm-none-eabi/6.3.1/thumb/v7-m/crtend.o
LOAD /usr/lib/gcc/arm-none-eabi/6.3.1/thumb/v7-m/crtn.o
                0x0000000020005000                _estack = 0x20005000
                0x0000000000000200                _Min_Heap_Size = 0x200
                0x0000000000000400                _Min_Stack_Size = 0x400

.isr_vector     0x0000000008000000      0x10c
                0x0000000008000000                . = ALIGN (0x4)
 *(.isr_vector)
 .isr_vector    0x0000000008000000      0x10c build/startup_stm32f103xb.o
                0x0000000008000000                g_pfnVectors
                0x000000000800010c                . = ALIGN (0x4)

.text           0x0000000008000110     0x214c
                0x0000000008000110                . = ALIGN (0x4)
 *(.text)
 .text          0x0000000008000110       0xa4 /usr/lib/gcc/arm-none-eabi/6.3.1/thumb/v7-m/crtbegin.o
 .text          0x00000000080001b4       0x50 /usr/lib/gcc/arm-none-eabi/6.3.1/../../../arm-none-eabi/lib/thumb/v7-m/libc_nano.a(lib_a-init.o)
                0x00000000080001b4                __libc_init_array
 .text          0x0000000008000204       0x9c /usr/lib/gcc/arm-none-eabi/6.3.1/../../../arm-none-eabi/lib/thumb/v7-m/libc_nano.a(lib_a-memset.o)
                0x0000000008000204                memset
 *(.text*)
 .text.HAL_TIM_PeriodElapsedCallback
                0x00000000080002a0       0x18 build/main.o
                0x00000000080002a0                HAL_TIM_PeriodElapsedCallback
 .text.Error_Handler
                0x00000000080002b8        0x4 build/main.o
                0x00000000080002b8                Error_Handler
 .text.SystemClock_Config
                0x00000000080002bc       0x52 build/main.o
                0x00000000080002bc                SystemClock_Config
 .text.main     0x000000000800030e       0x20 build/main.o
                0x000000000800030e                main
 .text.heartBeatTask
                0x000000000800032e        0xa build/freertos.o
                0x000000000800032e                heartBeatTask
 .text.consoleTask
                0x0000000008000338        0xa build/freertos.o
                0x0000000008000338                consoleTask
 .text.sensorMonitorTask
                0x0000000008000342        0xa build/freertos.o
                0x0000000008000342                sensorMonitorTask
 .text.vApplicationGetIdleTaskMemory
                0x000000000800034c       0x18 build/freertos.o
                0x000000000800034c                vApplicationGetIdleTaskMemory
 .text.MX_FREERTOS_Init
                0x0000000008000364       0x70 build/freertos.o
                0x0000000008000364                MX_FREERTOS_Init
 .text.NMI_Handler
                0x00000000080003d4        0x2 build/stm32f1xx_it.o
                0x00000000080003d4                NMI_Handler
 .text.HardFault_Handler
                0x00000000080003d6        0x2 build/stm32f1xx_it.o
                0x00000000080003d6                HardFault_Handler
 .text.MemManage_Handler
                0x00000000080003d8        0x2 build/stm32f1xx_it.o
                0x00000000080003d8                MemManage_Handler
 .text.BusFault_Handler
                0x00000000080003da        0x2 build/stm32f1xx_it.o
                0x00000000080003da                BusFault_Handler
 .text.UsageFault_Handler
                0x00000000080003dc        0x2 build/stm32f1xx_it.o
                0x00000000080003dc                UsageFault_Handler
 .text.DebugMon_Handler
                0x00000000080003de        0x2 build/stm32f1xx_it.o
                0x00000000080003de                DebugMon_Handler
 .text.TIM1_UP_IRQHandler
                0x00000000080003e0       0x10 build/stm32f1xx_it.o
                0x00000000080003e0                TIM1_UP_IRQHandler
 .text.HAL_MspInit
                0x00000000080003f0       0x54 build/stm32f1xx_hal_msp.o
                0x00000000080003f0                HAL_MspInit
 .text.HAL_InitTick
                0x0000000008000444       0x78 build/stm32f1xx_hal_timebase_tim.o
                0x0000000008000444                HAL_InitTick
 .text.HAL_Init
                0x00000000080004bc       0x24 build/stm32f1xx_hal.o
                0x00000000080004bc                HAL_Init
 .text.HAL_IncTick
                0x00000000080004e0       0x18 build/stm32f1xx_hal.o
                0x00000000080004e0                HAL_IncTick
 .text.HAL_GetTick
                0x00000000080004f8        0xc build/stm32f1xx_hal.o
                0x00000000080004f8                HAL_GetTick
 .text.RCC_Delay
                0x0000000008000504       0x2c build/stm32f1xx_hal_rcc.o
 .text.HAL_RCC_OscConfig
                0x0000000008000530      0x410 build/stm32f1xx_hal_rcc.o
                0x0000000008000530                HAL_RCC_OscConfig
 .text.HAL_RCC_GetSysClockFreq
                0x0000000008000940       0x6c build/stm32f1xx_hal_rcc.o
                0x0000000008000940                HAL_RCC_GetSysClockFreq
 .text.HAL_RCC_ClockConfig
                0x00000000080009ac      0x168 build/stm32f1xx_hal_rcc.o
                0x00000000080009ac                HAL_RCC_ClockConfig
 .text.HAL_RCC_GetHCLKFreq
                0x0000000008000b14        0xc build/stm32f1xx_hal_rcc.o
                0x0000000008000b14                HAL_RCC_GetHCLKFreq
 .text.HAL_RCC_GetPCLK1Freq
                0x0000000008000b20       0x20 build/stm32f1xx_hal_rcc.o
                0x0000000008000b20                HAL_RCC_GetPCLK1Freq
 .text.HAL_RCC_GetPCLK2Freq
                0x0000000008000b40       0x20 build/stm32f1xx_hal_rcc.o
                0x0000000008000b40                HAL_RCC_GetPCLK2Freq
 .text.HAL_RCC_GetClockConfig
                0x0000000008000b60       0x3c build/stm32f1xx_hal_rcc.o
                0x0000000008000b60                HAL_RCC_GetClockConfig
 .text.HAL_GPIO_Init
                0x0000000008000b9c      0x1f0 build/stm32f1xx_hal_gpio.o
                0x0000000008000b9c                HAL_GPIO_Init
 .text.HAL_GPIO_WritePin
                0x0000000008000d8c        0xc build/stm32f1xx_hal_gpio.o
                0x0000000008000d8c                HAL_GPIO_WritePin
 .text.HAL_NVIC_SetPriorityGrouping
                0x0000000008000d98       0x24 build/stm32f1xx_hal_cortex.o
                0x0000000008000d98                HAL_NVIC_SetPriorityGrouping
 .text.HAL_NVIC_SetPriority
                0x0000000008000dbc       0x64 build/stm32f1xx_hal_cortex.o
                0x0000000008000dbc                HAL_NVIC_SetPriority
 .text.HAL_NVIC_EnableIRQ
                0x0000000008000e20       0x1c build/stm32f1xx_hal_cortex.o
                0x0000000008000e20                HAL_NVIC_EnableIRQ
 .text.HAL_SPI_Init
                0x0000000008000e3c       0xb6 build/stm32f1xx_hal_spi.o
                0x0000000008000e3c                HAL_SPI_Init
 .text.HAL_TIM_Base_MspInit
                0x0000000008000ef2        0x2 build/stm32f1xx_hal_tim.o
                0x0000000008000ef2                HAL_TIM_Base_MspInit
 .text.HAL_TIM_Base_Start_IT
                0x0000000008000ef4       0x68 build/stm32f1xx_hal_tim.o
                0x0000000008000ef4                HAL_TIM_Base_Start_IT
 .text.HAL_TIM_OC_DelayElapsedCallback
                0x0000000008000f5c        0x2 build/stm32f1xx_hal_tim.o
                0x0000000008000f5c                HAL_TIM_OC_DelayElapsedCallback
 .text.HAL_TIM_IC_CaptureCallback
                0x0000000008000f5e        0x2 build/stm32f1xx_hal_tim.o
                0x0000000008000f5e                HAL_TIM_IC_CaptureCallback
 .text.HAL_TIM_PWM_PulseFinishedCallback
                0x0000000008000f60        0x2 build/stm32f1xx_hal_tim.o
                0x0000000008000f60                HAL_TIM_PWM_PulseFinishedCallback
 .text.HAL_TIM_TriggerCallback
                0x0000000008000f62        0x2 build/stm32f1xx_hal_tim.o
                0x0000000008000f62                HAL_TIM_TriggerCallback
 .text.HAL_TIM_IRQHandler
                0x0000000008000f64      0x17a build/stm32f1xx_hal_tim.o
                0x0000000008000f64                HAL_TIM_IRQHandler
 *fill*         0x00000000080010de        0x2 
 .text.TIM_Base_SetConfig
                0x00000000080010e0       0x78 build/stm32f1xx_hal_tim.o
                0x00000000080010e0                TIM_Base_SetConfig
 .text.HAL_TIM_Base_Init
                0x0000000008001158       0x56 build/stm32f1xx_hal_tim.o
                0x0000000008001158                HAL_TIM_Base_Init
 .text.HAL_TIMEx_CommutCallback
                0x00000000080011ae        0x2 build/stm32f1xx_hal_tim_ex.o
                0x00000000080011ae                HAL_TIMEx_CommutCallback
 .text.HAL_TIMEx_BreakCallback
                0x00000000080011b0        0x2 build/stm32f1xx_hal_tim_ex.o
                0x00000000080011b0                HAL_TIMEx_BreakCallback
 *fill*         0x00000000080011b2        0x2 
 .text.UART_SetConfig
                0x00000000080011b4       0x90 build/stm32f1xx_hal_uart.o
 .text.HAL_UART_Init
                0x0000000008001244       0x5e build/stm32f1xx_hal_uart.o
                0x0000000008001244                HAL_UART_Init
 .text.SystemInit
                0x00000000080012a2        0x2 build/system_stm32f1xx.o
                0x00000000080012a2                SystemInit
 .text.vListInitialise
                0x00000000080012a4       0x16 build/list.o
                0x00000000080012a4                vListInitialise
 .text.vListInitialiseItem
                0x00000000080012ba        0x6 build/list.o
                0x00000000080012ba                vListInitialiseItem
 .text.vListInsertEnd
                0x00000000080012c0       0x18 build/list.o
                0x00000000080012c0                vListInsertEnd
 .text.vListInsert
                0x00000000080012d8       0x34 build/list.o
                0x00000000080012d8                vListInsert
 .text.uxListRemove
                0x000000000800130c       0x28 build/list.o
                0x000000000800130c                uxListRemove
 .text.prvResetNextTaskUnblockTime
                0x0000000008001334       0x34 build/tasks.o
 .text.prvInitialiseNewTask
                0x0000000008001368       0x80 build/tasks.o
 .text.prvInitialiseTaskLists
                0x00000000080013e8       0x68 build/tasks.o
 .text.prvAddNewTaskToReadyList
                0x0000000008001450       0xa8 build/tasks.o
 .text.prvDeleteTCB
                0x00000000080014f8       0x3a build/tasks.o
 *fill*         0x0000000008001532        0x2 
 .text.prvCheckTasksWaitingTermination
                0x0000000008001534       0x4c build/tasks.o
 .text.prvIdleTask
                0x0000000008001580       0x28 build/tasks.o
 .text.prvAddCurrentTaskToDelayedList
                0x00000000080015a8       0x98 build/tasks.o
 .text.xTaskCreateStatic
                0x0000000008001640       0x72 build/tasks.o
                0x0000000008001640                xTaskCreateStatic
 .text.xTaskCreate
                0x00000000080016b2       0x66 build/tasks.o
                0x00000000080016b2                xTaskCreate
 .text.vTaskStartScheduler
                0x0000000008001718       0x78 build/tasks.o
                0x0000000008001718                vTaskStartScheduler
 .text.vTaskSuspendAll
                0x0000000008001790       0x10 build/tasks.o
                0x0000000008001790                vTaskSuspendAll
 .text.xTaskIncrementTick
                0x00000000080017a0      0x120 build/tasks.o
                0x00000000080017a0                xTaskIncrementTick
 .text.xTaskResumeAll
                0x00000000080018c0       0xfc build/tasks.o
                0x00000000080018c0                xTaskResumeAll
 .text.vTaskDelay
                0x00000000080019bc       0x50 build/tasks.o
                0x00000000080019bc                vTaskDelay
 .text.vTaskSwitchContext
                0x0000000008001a0c       0x98 build/tasks.o
                0x0000000008001a0c                vTaskSwitchContext
 .text.makeFreeRtosPriority
                0x0000000008001aa4        0xc build/cmsis_os.o
 .text.osKernelStart
                0x0000000008001ab0        0xa build/cmsis_os.o
                0x0000000008001ab0                osKernelStart
 .text.osThreadCreate
                0x0000000008001aba       0x6a build/cmsis_os.o
                0x0000000008001aba                osThreadCreate
 .text.osDelay  0x0000000008001b24       0x12 build/cmsis_os.o
                0x0000000008001b24                osDelay
 *fill*         0x0000000008001b36        0x2 
 .text.prvHeapInit
                0x0000000008001b38       0x64 build/heap_4.o
 .text.prvInsertBlockIntoFreeList
                0x0000000008001b9c       0x54 build/heap_4.o
 .text.pvPortMalloc
                0x0000000008001bf0      0x108 build/heap_4.o
                0x0000000008001bf0                pvPortMalloc
 .text.vPortFree
                0x0000000008001cf8       0x70 build/heap_4.o
                0x0000000008001cf8                vPortFree
 .text.prvTaskExitError
                0x0000000008001d68       0x40 build/port.o
 .text.prvPortStartFirstTask
                0x0000000008001da8       0x20 build/port.o
 .text.pxPortInitialiseStack
                0x0000000008001dc8       0x24 build/port.o
                0x0000000008001dc8                pxPortInitialiseStack
 *fill*         0x0000000008001dec        0x4 
 .text.SVC_Handler
                0x0000000008001df0       0x24 build/port.o
                0x0000000008001df0                SVC_Handler
 .text.vPortEnterCritical
                0x0000000008001e14       0x44 build/port.o
                0x0000000008001e14                vPortEnterCritical
 .text.vPortExitCritical
                0x0000000008001e58       0x2c build/port.o
                0x0000000008001e58                vPortExitCritical
 *fill*         0x0000000008001e84        0xc 
 .text.PendSV_Handler
                0x0000000008001e90       0x44 build/port.o
                0x0000000008001e90                PendSV_Handler
 .text.SysTick_Handler
                0x0000000008001ed4       0x2c build/port.o
                0x0000000008001ed4                SysTick_Handler
 .text.vPortSetupTimerInterrupt
                0x0000000008001f00       0x38 build/port.o
                0x0000000008001f00                vPortSetupTimerInterrupt
 .text.xPortStartScheduler
                0x0000000008001f38       0xb8 build/port.o
                0x0000000008001f38                xPortStartScheduler
 .text.MX_GPIO_Init
                0x0000000008001ff0       0xa4 build/gpio.o
                0x0000000008001ff0                MX_GPIO_Init
 .text.MX_SPI2_Init
                0x0000000008002094       0x40 build/spi.o
                0x0000000008002094                MX_SPI2_Init
 .text.HAL_SPI_MspInit
                0x00000000080020d4       0x78 build/spi.o
                0x00000000080020d4                HAL_SPI_MspInit
 .text.MX_USART1_UART_Init
                0x000000000800214c       0x34 build/usart.o
                0x000000000800214c                MX_USART1_UART_Init
 .text.HAL_UART_MspInit
                0x0000000008002180       0x78 build/usart.o
                0x0000000008002180                HAL_UART_MspInit
 .text.Reset_Handler
                0x00000000080021f8       0x48 build/startup_stm32f103xb.o
                0x00000000080021f8                Reset_Handler
 .text.Default_Handler
                0x0000000008002240        0x2 build/startup_stm32f103xb.o
                0x0000000008002240                RTC_Alarm_IRQHandler
                0x0000000008002240                EXTI2_IRQHandler
                0x0000000008002240                TIM1_CC_IRQHandler
                0x0000000008002240                PVD_IRQHandler
                0x0000000008002240                EXTI3_IRQHandler
                0x0000000008002240                EXTI0_IRQHandler
                0x0000000008002240                I2C2_EV_IRQHandler
                0x0000000008002240                ADC1_2_IRQHandler
                0x0000000008002240                SPI1_IRQHandler
                0x0000000008002240                TAMPER_IRQHandler
                0x0000000008002240                DMA1_Channel4_IRQHandler
                0x0000000008002240                USART3_IRQHandler
                0x0000000008002240                RTC_IRQHandler
                0x0000000008002240                DMA1_Channel7_IRQHandler
                0x0000000008002240                CAN1_RX1_IRQHandler
                0x0000000008002240                TIM4_IRQHandler
                0x0000000008002240                I2C1_EV_IRQHandler
                0x0000000008002240                DMA1_Channel6_IRQHandler
                0x0000000008002240                TIM3_IRQHandler
                0x0000000008002240                RCC_IRQHandler
                0x0000000008002240                TIM1_TRG_COM_IRQHandler
                0x0000000008002240                DMA1_Channel1_IRQHandler
                0x0000000008002240                Default_Handler
                0x0000000008002240                EXTI15_10_IRQHandler
                0x0000000008002240                EXTI9_5_IRQHandler
                0x0000000008002240                SPI2_IRQHandler
                0x0000000008002240                DMA1_Channel5_IRQHandler
                0x0000000008002240                EXTI4_IRQHandler
                0x0000000008002240                USB_LP_CAN1_RX0_IRQHandler
                0x0000000008002240                USB_HP_CAN1_TX_IRQHandler
                0x0000000008002240                DMA1_Channel3_IRQHandler
                0x0000000008002240                WWDG_IRQHandler
                0x0000000008002240                TIM2_IRQHandler
                0x0000000008002240                TIM1_BRK_IRQHandler
                0x0000000008002240                EXTI1_IRQHandler
                0x0000000008002240                USART2_IRQHandler
                0x0000000008002240                I2C2_ER_IRQHandler
                0x0000000008002240                DMA1_Channel2_IRQHandler
                0x0000000008002240                CAN1_SCE_IRQHandler
                0x0000000008002240                FLASH_IRQHandler
                0x0000000008002240                USART1_IRQHandler
                0x0000000008002240                I2C1_ER_IRQHandler
                0x0000000008002240                USBWakeUp_IRQHandler
 *(.glue_7)
 .glue_7        0x0000000008002242        0x0 linker stubs
 *(.glue_7t)
 .glue_7t       0x0000000008002242        0x0 linker stubs
 *(.eh_frame)
 *fill*         0x0000000008002242        0x2 
 .eh_frame      0x0000000008002244        0x0 /usr/lib/gcc/arm-none-eabi/6.3.1/thumb/v7-m/crtbegin.o
 *(.init)
 .init          0x0000000008002244        0x4 /usr/lib/gcc/arm-none-eabi/6.3.1/thumb/v7-m/crti.o
                0x0000000008002244                _init
 .init          0x0000000008002248        0x8 /usr/lib/gcc/arm-none-eabi/6.3.1/thumb/v7-m/crtn.o
 *(.fini)
 .fini          0x0000000008002250        0x4 /usr/lib/gcc/arm-none-eabi/6.3.1/thumb/v7-m/crti.o
                0x0000000008002250                _fini
 .fini          0x0000000008002254        0x8 /usr/lib/gcc/arm-none-eabi/6.3.1/thumb/v7-m/crtn.o
                0x000000000800225c                . = ALIGN (0x4)
                0x000000000800225c                _etext = .

.vfp11_veneer   0x000000000800225c        0x0
 .vfp11_veneer  0x000000000800225c        0x0 linker stubs

.v4_bx          0x000000000800225c        0x0
 .v4_bx         0x000000000800225c        0x0 linker stubs

.iplt           0x000000000800225c        0x0
 .iplt          0x000000000800225c        0x0 /usr/lib/gcc/arm-none-eabi/6.3.1/thumb/v7-m/crtbegin.o

.rodata         0x000000000800225c       0xac
                0x000000000800225c                . = ALIGN (0x4)
 *(.rodata)
 .rodata        0x000000000800225c       0x54 build/freertos.o
 .rodata        0x00000000080022b0       0x12 build/stm32f1xx_hal_rcc.o
 *(.rodata*)
 *fill*         0x00000000080022c2        0x2 
 .rodata.str1.4
                0x00000000080022c4       0x22 build/freertos.o
 *fill*         0x00000000080022e6        0x2 
 .rodata.AHBPrescTable
                0x00000000080022e8       0x10 build/system_stm32f1xx.o
                0x00000000080022e8                AHBPrescTable
 .rodata.APBPrescTable
                0x00000000080022f8        0x8 build/system_stm32f1xx.o
                0x00000000080022f8                APBPrescTable
 .rodata.vTaskStartScheduler.str1.4
                0x0000000008002300        0x8 build/tasks.o
                                          0x5 (size before relaxing)
                0x0000000008002308                . = ALIGN (0x4)

.rel.dyn        0x0000000008002308        0x0
 .rel.iplt      0x0000000008002308        0x0 /usr/lib/gcc/arm-none-eabi/6.3.1/thumb/v7-m/crtbegin.o

.ARM.extab
 *(.ARM.extab* .gnu.linkonce.armextab.*)

.ARM            0x0000000008002308        0x0
                0x0000000008002308                __exidx_start = .
 *(.ARM.exidx*)
                0x0000000008002308                __exidx_end = .

.preinit_array  0x0000000008002308        0x0
                0x0000000008002308                PROVIDE (__preinit_array_start, .)
 *(.preinit_array*)
                0x0000000008002308                PROVIDE (__preinit_array_end, .)

.init_array     0x0000000008002308        0x4
                0x0000000008002308                PROVIDE (__init_array_start, .)
 *(SORT(.init_array.*))
 *(.init_array*)
 .init_array    0x0000000008002308        0x4 /usr/lib/gcc/arm-none-eabi/6.3.1/thumb/v7-m/crtbegin.o
                0x000000000800230c                PROVIDE (__init_array_end, .)

.fini_array     0x000000000800230c        0x4
                0x000000000800230c                PROVIDE (__fini_array_start, .)
 *(SORT(.fini_array.*))
 *(.fini_array*)
 .fini_array    0x000000000800230c        0x4 /usr/lib/gcc/arm-none-eabi/6.3.1/thumb/v7-m/crtbegin.o
                0x0000000008002310                PROVIDE (__fini_array_end, .)
                0x0000000008002310                _sidata = LOADADDR (.data)

.data           0x0000000020000000       0x10 load address 0x0000000008002310
                0x0000000020000000                . = ALIGN (0x4)
                0x0000000020000000                _sdata = .
 *(.data)
 *(.data*)
 .data.uwTickFreq
                0x0000000020000000        0x1 build/stm32f1xx_hal.o
                0x0000000020000000                uwTickFreq
 *fill*         0x0000000020000001        0x3 
 .data.uwTickPrio
                0x0000000020000004        0x4 build/stm32f1xx_hal.o
                0x0000000020000004                uwTickPrio
 .data.SystemCoreClock
                0x0000000020000008        0x4 build/system_stm32f1xx.o
                0x0000000020000008                SystemCoreClock
 .data.uxCriticalNesting
                0x000000002000000c        0x4 build/port.o
                0x0000000020000010                . = ALIGN (0x4)
                0x0000000020000010                _edata = .

.jcr            0x0000000020000010        0x0 load address 0x0000000008002320
 .jcr           0x0000000020000010        0x0 /usr/lib/gcc/arm-none-eabi/6.3.1/thumb/v7-m/crtbegin.o

.tm_clone_table
                0x0000000020000010        0x0 load address 0x0000000008002320
 .tm_clone_table
                0x0000000020000010        0x0 /usr/lib/gcc/arm-none-eabi/6.3.1/thumb/v7-m/crtbegin.o
 .tm_clone_table
                0x0000000020000010        0x0 /usr/lib/gcc/arm-none-eabi/6.3.1/thumb/v7-m/crtend.o

.igot.plt       0x0000000020000010        0x0 load address 0x0000000008002320
 .igot.plt      0x0000000020000010        0x0 /usr/lib/gcc/arm-none-eabi/6.3.1/thumb/v7-m/crtbegin.o
                0x0000000020000010                . = ALIGN (0x4)

.bss            0x0000000020000010     0x17a4 load address 0x0000000008002320
                0x0000000020000010                _sbss = .
                0x0000000020000010                __bss_start__ = _sbss
 *(.bss)
 .bss           0x0000000020000010       0x1c /usr/lib/gcc/arm-none-eabi/6.3.1/thumb/v7-m/crtbegin.o
 *(.bss*)
 .bss.xIdleStack
                0x000000002000002c      0x200 build/freertos.o
 .bss.xIdleTaskTCBBuffer
                0x000000002000022c       0x54 build/freertos.o
 .bss.pxCurrentTCB
                0x0000000020000280        0x4 build/tasks.o
                0x0000000020000280                pxCurrentTCB
 .bss.pxDelayedTaskList
                0x0000000020000284        0x4 build/tasks.o
 .bss.pxOverflowDelayedTaskList
                0x0000000020000288        0x4 build/tasks.o
 .bss.pxReadyTasksLists
                0x000000002000028c       0x8c build/tasks.o
 .bss.uxCurrentNumberOfTasks
                0x0000000020000318        0x4 build/tasks.o
 .bss.uxDeletedTasksWaitingCleanUp
                0x000000002000031c        0x4 build/tasks.o
 .bss.uxPendedTicks
                0x0000000020000320        0x4 build/tasks.o
 .bss.uxSchedulerSuspended
                0x0000000020000324        0x4 build/tasks.o
 .bss.uxTaskNumber
                0x0000000020000328        0x4 build/tasks.o
 .bss.uxTopReadyPriority
                0x000000002000032c        0x4 build/tasks.o
 .bss.xDelayedTaskList1
                0x0000000020000330       0x14 build/tasks.o
 .bss.xDelayedTaskList2
                0x0000000020000344       0x14 build/tasks.o
 .bss.xNextTaskUnblockTime
                0x0000000020000358        0x4 build/tasks.o
 .bss.xNumOfOverflows
                0x000000002000035c        0x4 build/tasks.o
 .bss.xPendingReadyList
                0x0000000020000360       0x14 build/tasks.o
 .bss.xSchedulerRunning
                0x0000000020000374        0x4 build/tasks.o
 .bss.xSuspendedTaskList
                0x0000000020000378       0x14 build/tasks.o
 .bss.xTasksWaitingTermination
                0x000000002000038c       0x14 build/tasks.o
 .bss.xTickCount
                0x00000000200003a0        0x4 build/tasks.o
 .bss.xYieldPending
                0x00000000200003a4        0x4 build/tasks.o
 .bss.pxEnd     0x00000000200003a8        0x4 build/heap_4.o
 .bss.ucHeap    0x00000000200003ac      0xc00 build/heap_4.o
 .bss.xBlockAllocatedBit
                0x0000000020000fac        0x4 build/heap_4.o
 .bss.xFreeBytesRemaining
                0x0000000020000fb0        0x4 build/heap_4.o
 .bss.xMinimumEverFreeBytesRemaining
                0x0000000020000fb4        0x4 build/heap_4.o
 .bss.xStart    0x0000000020000fb8        0x8 build/heap_4.o
 .bss.ucMaxSysCallPriority
                0x0000000020000fc0        0x1 build/port.o
 *fill*         0x0000000020000fc1        0x3 
 .bss.ulMaxPRIGROUPValue
                0x0000000020000fc4        0x4 build/port.o
 *(COMMON)
 COMMON         0x0000000020000fc8      0x708 build/freertos.o
                0x0000000020000fc8                sensorMonitorHandle
                0x0000000020000fcc                sensorMonitorBuffer
                0x00000000200011cc                consoleHandle
                0x00000000200011d0                heartBeatControlBlock
                0x0000000020001224                sensorMonitorControlBlock
                0x0000000020001278                consoleBuffer
                0x0000000020001478                consoleControlBlock
                0x00000000200014cc                heartBeatBuffer
                0x00000000200016cc                heartBeatHandle
 COMMON         0x00000000200016d0       0x48 build/stm32f1xx_hal_timebase_tim.o
                0x00000000200016d0                htim1
 COMMON         0x0000000020001718        0x4 build/stm32f1xx_hal.o
                0x0000000020001718                uwTick
 COMMON         0x000000002000171c       0x58 build/spi.o
                0x000000002000171c                hspi2
 COMMON         0x0000000020001774       0x40 build/usart.o
                0x0000000020001774                huart1
                0x00000000200017b4                . = ALIGN (0x4)
                0x00000000200017b4                _ebss = .
                0x00000000200017b4                __bss_end__ = _ebss

._user_heap_stack
                0x00000000200017b4      0x604 load address 0x0000000008002320
                0x00000000200017b8                . = ALIGN (0x8)
 *fill*         0x00000000200017b4        0x4 
                [!provide]                        PROVIDE (end, .)
                [!provide]                        PROVIDE (_end, .)
                0x00000000200019b8                . = (. + _Min_Heap_Size)
 *fill*         0x00000000200017b8      0x200 
                0x0000000020001db8                . = (. + _Min_Stack_Size)
 *fill*         0x00000000200019b8      0x400 
                0x0000000020001db8                . = ALIGN (0x8)

/DISCARD/
 libc.a(*)
 libm.a(*)
 libgcc.a(*)

.ARM.attributes
                0x0000000000000000       0x29
 *(.ARM.attributes)
 .ARM.attributes
                0x0000000000000000       0x1d /usr/lib/gcc/arm-none-eabi/6.3.1/thumb/v7-m/crti.o
 .ARM.attributes
                0x000000000000001d       0x2d /usr/lib/gcc/arm-none-eabi/6.3.1/thumb/v7-m/crtbegin.o
 .ARM.attributes
                0x000000000000004a       0x33 build/main.o
 .ARM.attributes
                0x000000000000007d       0x33 build/freertos.o
 .ARM.attributes
                0x00000000000000b0       0x33 build/stm32f1xx_it.o
 .ARM.attributes
                0x00000000000000e3       0x33 build/stm32f1xx_hal_msp.o
 .ARM.attributes
                0x0000000000000116       0x33 build/stm32f1xx_hal_timebase_tim.o
 .ARM.attributes
                0x0000000000000149       0x33 build/stm32f1xx_hal.o
 .ARM.attributes
                0x000000000000017c       0x33 build/stm32f1xx_hal_rcc.o
 .ARM.attributes
                0x00000000000001af       0x33 build/stm32f1xx_hal_gpio.o
 .ARM.attributes
                0x00000000000001e2       0x33 build/stm32f1xx_hal_cortex.o
 .ARM.attributes
                0x0000000000000215       0x33 build/stm32f1xx_hal_spi.o
 .ARM.attributes
                0x0000000000000248       0x33 build/stm32f1xx_hal_tim.o
 .ARM.attributes
                0x000000000000027b       0x33 build/stm32f1xx_hal_tim_ex.o
 .ARM.attributes
                0x00000000000002ae       0x33 build/stm32f1xx_hal_uart.o
 .ARM.attributes
                0x00000000000002e1       0x33 build/system_stm32f1xx.o
 .ARM.attributes
                0x0000000000000314       0x33 build/list.o
 .ARM.attributes
                0x0000000000000347       0x33 build/tasks.o
 .ARM.attributes
                0x000000000000037a       0x33 build/cmsis_os.o
 .ARM.attributes
                0x00000000000003ad       0x33 build/heap_4.o
 .ARM.attributes
                0x00000000000003e0       0x33 build/port.o
 .ARM.attributes
                0x0000000000000413       0x33 build/gpio.o
 .ARM.attributes
                0x0000000000000446       0x33 build/spi.o
 .ARM.attributes
                0x0000000000000479       0x33 build/usart.o
 .ARM.attributes
                0x00000000000004ac       0x21 build/startup_stm32f103xb.o
 .ARM.attributes
                0x00000000000004cd       0x2d /usr/lib/gcc/arm-none-eabi/6.3.1/../../../arm-none-eabi/lib/thumb/v7-m/libc_nano.a(lib_a-init.o)
 .ARM.attributes
                0x00000000000004fa       0x2d /usr/lib/gcc/arm-none-eabi/6.3.1/../../../arm-none-eabi/lib/thumb/v7-m/libc_nano.a(lib_a-memset.o)
 .ARM.attributes
                0x0000000000000527       0x2d /usr/lib/gcc/arm-none-eabi/6.3.1/thumb/v7-m/crtend.o
 .ARM.attributes
                0x0000000000000554       0x1d /usr/lib/gcc/arm-none-eabi/6.3.1/thumb/v7-m/crtn.o
OUTPUT(build/cubemx_gen.elf elf32-littlearm)

.comment        0x0000000000000000       0x31
 .comment       0x0000000000000000       0x31 /usr/lib/gcc/arm-none-eabi/6.3.1/thumb/v7-m/crtbegin.o
                                         0x32 (size before relaxing)
 .comment       0x0000000000000031       0x32 build/main.o
 .comment       0x0000000000000031       0x32 build/freertos.o
 .comment       0x0000000000000031       0x32 build/stm32f1xx_it.o
 .comment       0x0000000000000031       0x32 build/stm32f1xx_hal_msp.o
 .comment       0x0000000000000031       0x32 build/stm32f1xx_hal_timebase_tim.o
 .comment       0x0000000000000031       0x32 build/stm32f1xx_hal.o
 .comment       0x0000000000000031       0x32 build/stm32f1xx_hal_rcc.o
 .comment       0x0000000000000031       0x32 build/stm32f1xx_hal_gpio.o
 .comment       0x0000000000000031       0x32 build/stm32f1xx_hal_cortex.o
 .comment       0x0000000000000031       0x32 build/stm32f1xx_hal_spi.o
 .comment       0x0000000000000031       0x32 build/stm32f1xx_hal_tim.o
 .comment       0x0000000000000031       0x32 build/stm32f1xx_hal_tim_ex.o
 .comment       0x0000000000000031       0x32 build/stm32f1xx_hal_uart.o
 .comment       0x0000000000000031       0x32 build/system_stm32f1xx.o
 .comment       0x0000000000000031       0x32 build/list.o
 .comment       0x0000000000000031       0x32 build/tasks.o
 .comment       0x0000000000000031       0x32 build/cmsis_os.o
 .comment       0x0000000000000031       0x32 build/heap_4.o
 .comment       0x0000000000000031       0x32 build/port.o
 .comment       0x0000000000000031       0x32 build/gpio.o
 .comment       0x0000000000000031       0x32 build/spi.o
 .comment       0x0000000000000031       0x32 build/usart.o
 .comment       0x0000000000000031       0x32 /usr/lib/gcc/arm-none-eabi/6.3.1/../../../arm-none-eabi/lib/thumb/v7-m/libc_nano.a(lib_a-init.o)
 .comment       0x0000000000000031       0x32 /usr/lib/gcc/arm-none-eabi/6.3.1/../../../arm-none-eabi/lib/thumb/v7-m/libc_nano.a(lib_a-memset.o)
 .comment       0x0000000000000031       0x32 /usr/lib/gcc/arm-none-eabi/6.3.1/thumb/v7-m/crtend.o

.debug_info     0x0000000000000000    0x17672
 .debug_info    0x0000000000000000      0xf32 build/main.o
 .debug_info    0x0000000000000f32      0x698 build/freertos.o
 .debug_info    0x00000000000015ca      0x7d4 build/stm32f1xx_it.o
 .debug_info    0x0000000000001d9e      0x481 build/stm32f1xx_hal_msp.o
 .debug_info    0x000000000000221f      0xb24 build/stm32f1xx_hal_timebase_tim.o
 .debug_info    0x0000000000002d43      0x873 build/stm32f1xx_hal.o
 .debug_info    0x00000000000035b6      0xaaa build/stm32f1xx_hal_rcc.o
 .debug_info    0x0000000000004060      0x721 build/stm32f1xx_hal_gpio.o
 .debug_info    0x0000000000004781      0xd67 build/stm32f1xx_hal_cortex.o
 .debug_info    0x00000000000054e8     0x1c92 build/stm32f1xx_hal_spi.o
 .debug_info    0x000000000000717a     0x3846 build/stm32f1xx_hal_tim.o
 .debug_info    0x000000000000a9c0     0x190e build/stm32f1xx_hal_tim_ex.o
 .debug_info    0x000000000000c2ce     0x17f5 build/stm32f1xx_hal_uart.o
 .debug_info    0x000000000000dac3      0x2cc build/system_stm32f1xx.o
 .debug_info    0x000000000000dd8f      0xbd0 build/list.o
 .debug_info    0x000000000000e95f     0x2f28 build/tasks.o
 .debug_info    0x0000000000011887     0x29c8 build/cmsis_os.o
 .debug_info    0x000000000001424f      0xd6a build/heap_4.o
 .debug_info    0x0000000000014fb9      0x54c build/port.o
 .debug_info    0x0000000000015505      0x433 build/gpio.o
 .debug_info    0x0000000000015938      0x980 build/spi.o
 .debug_info    0x00000000000162b8      0x913 build/usart.o
 .debug_info    0x0000000000016bcb       0x81 build/startup_stm32f103xb.o
 .debug_info    0x0000000000016c4c      0x110 /usr/lib/gcc/arm-none-eabi/6.3.1/../../../arm-none-eabi/lib/thumb/v7-m/libc_nano.a(lib_a-init.o)
 .debug_info    0x0000000000016d5c      0x916 /usr/lib/gcc/arm-none-eabi/6.3.1/../../../arm-none-eabi/lib/thumb/v7-m/libc_nano.a(lib_a-memset.o)

.debug_abbrev   0x0000000000000000     0x336d
 .debug_abbrev  0x0000000000000000      0x216 build/main.o
 .debug_abbrev  0x0000000000000216      0x194 build/freertos.o
 .debug_abbrev  0x00000000000003aa      0x174 build/stm32f1xx_it.o
 .debug_abbrev  0x000000000000051e      0x131 build/stm32f1xx_hal_msp.o
 .debug_abbrev  0x000000000000064f      0x1ec build/stm32f1xx_hal_timebase_tim.o
 .debug_abbrev  0x000000000000083b      0x1eb build/stm32f1xx_hal.o
 .debug_abbrev  0x0000000000000a26      0x270 build/stm32f1xx_hal_rcc.o
 .debug_abbrev  0x0000000000000c96      0x211 build/stm32f1xx_hal_gpio.o
 .debug_abbrev  0x0000000000000ea7      0x316 build/stm32f1xx_hal_cortex.o
 .debug_abbrev  0x00000000000011bd      0x284 build/stm32f1xx_hal_spi.o
 .debug_abbrev  0x0000000000001441      0x282 build/stm32f1xx_hal_tim.o
 .debug_abbrev  0x00000000000016c3      0x278 build/stm32f1xx_hal_tim_ex.o
 .debug_abbrev  0x000000000000193b      0x2ab build/stm32f1xx_hal_uart.o
 .debug_abbrev  0x0000000000001be6      0x131 build/system_stm32f1xx.o
 .debug_abbrev  0x0000000000001d17      0x215 build/list.o
 .debug_abbrev  0x0000000000001f2c      0x3d7 build/tasks.o
 .debug_abbrev  0x0000000000002303      0x3b7 build/cmsis_os.o
 .debug_abbrev  0x00000000000026ba      0x309 build/heap_4.o
 .debug_abbrev  0x00000000000029c3      0x257 build/port.o
 .debug_abbrev  0x0000000000002c1a      0x160 build/gpio.o
 .debug_abbrev  0x0000000000002d7a      0x1c8 build/spi.o
 .debug_abbrev  0x0000000000002f42      0x1c8 build/usart.o
 .debug_abbrev  0x000000000000310a       0x12 build/startup_stm32f103xb.o
 .debug_abbrev  0x000000000000311c       0xba /usr/lib/gcc/arm-none-eabi/6.3.1/../../../arm-none-eabi/lib/thumb/v7-m/libc_nano.a(lib_a-init.o)
 .debug_abbrev  0x00000000000031d6      0x197 /usr/lib/gcc/arm-none-eabi/6.3.1/../../../arm-none-eabi/lib/thumb/v7-m/libc_nano.a(lib_a-memset.o)

.debug_loc      0x0000000000000000    0x102fb
 .debug_loc     0x0000000000000000       0xc0 build/main.o
 .debug_loc     0x00000000000000c0       0xfc build/freertos.o
 .debug_loc     0x00000000000001bc       0x20 build/stm32f1xx_it.o
 .debug_loc     0x00000000000001dc       0x38 build/stm32f1xx_hal_msp.o
 .debug_loc     0x0000000000000214       0xbd build/stm32f1xx_hal_timebase_tim.o
 .debug_loc     0x00000000000002d1      0x1ad build/stm32f1xx_hal.o
 .debug_loc     0x000000000000047e      0x62d build/stm32f1xx_hal_rcc.o
 .debug_loc     0x0000000000000aab      0x471 build/stm32f1xx_hal_gpio.o
 .debug_loc     0x0000000000000f1c      0x685 build/stm32f1xx_hal_cortex.o
 .debug_loc     0x00000000000015a1     0x215c build/stm32f1xx_hal_spi.o
 .debug_loc     0x00000000000036fd     0x51d7 build/stm32f1xx_hal_tim.o
 .debug_loc     0x00000000000088d4     0x2002 build/stm32f1xx_hal_tim_ex.o
 .debug_loc     0x000000000000a8d6     0x1ada build/stm32f1xx_hal_uart.o
 .debug_loc     0x000000000000c3b0       0xdf build/system_stm32f1xx.o
 .debug_loc     0x000000000000c48f       0x9c build/list.o
 .debug_loc     0x000000000000c52b     0x1d07 build/tasks.o
 .debug_loc     0x000000000000e232     0x17c0 build/cmsis_os.o
 .debug_loc     0x000000000000f9f2      0x324 build/heap_4.o
 .debug_loc     0x000000000000fd16      0x152 build/port.o
 .debug_loc     0x000000000000fe68       0x38 build/gpio.o
 .debug_loc     0x000000000000fea0       0xf8 build/spi.o
 .debug_loc     0x000000000000ff98       0xf8 build/usart.o
 .debug_loc     0x0000000000010090       0xae /usr/lib/gcc/arm-none-eabi/6.3.1/../../../arm-none-eabi/lib/thumb/v7-m/libc_nano.a(lib_a-init.o)
 .debug_loc     0x000000000001013e      0x1bd /usr/lib/gcc/arm-none-eabi/6.3.1/../../../arm-none-eabi/lib/thumb/v7-m/libc_nano.a(lib_a-memset.o)

.debug_aranges  0x0000000000000000     0x11e0
 .debug_aranges
                0x0000000000000000       0x38 build/main.o
 .debug_aranges
                0x0000000000000038       0x40 build/freertos.o
 .debug_aranges
                0x0000000000000078       0x50 build/stm32f1xx_it.o
 .debug_aranges
                0x00000000000000c8       0x20 build/stm32f1xx_hal_msp.o
 .debug_aranges
                0x00000000000000e8       0x30 build/stm32f1xx_hal_timebase_tim.o
 .debug_aranges
                0x0000000000000118       0xe0 build/stm32f1xx_hal.o
 .debug_aranges
                0x00000000000001f8       0x90 build/stm32f1xx_hal_rcc.o
 .debug_aranges
                0x0000000000000288       0x58 build/stm32f1xx_hal_gpio.o
 .debug_aranges
                0x00000000000002e0       0x90 build/stm32f1xx_hal_cortex.o
 .debug_aranges
                0x0000000000000370      0x1d0 build/stm32f1xx_hal_spi.o
 .debug_aranges
                0x0000000000000540      0x3d0 build/stm32f1xx_hal_tim.o
 .debug_aranges
                0x0000000000000910      0x168 build/stm32f1xx_hal_tim_ex.o
 .debug_aranges
                0x0000000000000a78      0x1d0 build/stm32f1xx_hal_uart.o
 .debug_aranges
                0x0000000000000c48       0x28 build/system_stm32f1xx.o
 .debug_aranges
                0x0000000000000c70       0x40 build/list.o
 .debug_aranges
                0x0000000000000cb0      0x1a8 build/tasks.o
 .debug_aranges
                0x0000000000000e58      0x1d8 build/cmsis_os.o
 .debug_aranges
                0x0000000000001030       0x50 build/heap_4.o
 .debug_aranges
                0x0000000000001080       0x78 build/port.o
 .debug_aranges
                0x00000000000010f8       0x20 build/gpio.o
 .debug_aranges
                0x0000000000001118       0x30 build/spi.o
 .debug_aranges
                0x0000000000001148       0x30 build/usart.o
 .debug_aranges
                0x0000000000001178       0x28 build/startup_stm32f103xb.o
 .debug_aranges
                0x00000000000011a0       0x20 /usr/lib/gcc/arm-none-eabi/6.3.1/../../../arm-none-eabi/lib/thumb/v7-m/libc_nano.a(lib_a-init.o)
 .debug_aranges
                0x00000000000011c0       0x20 /usr/lib/gcc/arm-none-eabi/6.3.1/../../../arm-none-eabi/lib/thumb/v7-m/libc_nano.a(lib_a-memset.o)

.debug_ranges   0x0000000000000000     0x1168
 .debug_ranges  0x0000000000000000       0x28 build/main.o
 .debug_ranges  0x0000000000000028       0x30 build/freertos.o
 .debug_ranges  0x0000000000000058       0x40 build/stm32f1xx_it.o
 .debug_ranges  0x0000000000000098       0x10 build/stm32f1xx_hal_msp.o
 .debug_ranges  0x00000000000000a8       0x20 build/stm32f1xx_hal_timebase_tim.o
 .debug_ranges  0x00000000000000c8       0xd0 build/stm32f1xx_hal.o
 .debug_ranges  0x0000000000000198       0xa0 build/stm32f1xx_hal_rcc.o
 .debug_ranges  0x0000000000000238       0x48 build/stm32f1xx_hal_gpio.o
 .debug_ranges  0x0000000000000280       0xe0 build/stm32f1xx_hal_cortex.o
 .debug_ranges  0x0000000000000360      0x1c0 build/stm32f1xx_hal_spi.o
 .debug_ranges  0x0000000000000520      0x3c0 build/stm32f1xx_hal_tim.o
 .debug_ranges  0x00000000000008e0      0x158 build/stm32f1xx_hal_tim_ex.o
 .debug_ranges  0x0000000000000a38      0x1c0 build/stm32f1xx_hal_uart.o
 .debug_ranges  0x0000000000000bf8       0x18 build/system_stm32f1xx.o
 .debug_ranges  0x0000000000000c10       0x30 build/list.o
 .debug_ranges  0x0000000000000c40      0x248 build/tasks.o
 .debug_ranges  0x0000000000000e88      0x1c8 build/cmsis_os.o
 .debug_ranges  0x0000000000001050       0x40 build/heap_4.o
 .debug_ranges  0x0000000000001090       0x68 build/port.o
 .debug_ranges  0x00000000000010f8       0x10 build/gpio.o
 .debug_ranges  0x0000000000001108       0x20 build/spi.o
 .debug_ranges  0x0000000000001128       0x20 build/usart.o
 .debug_ranges  0x0000000000001148       0x20 build/startup_stm32f103xb.o

.debug_line     0x0000000000000000     0x7f00
 .debug_line    0x0000000000000000      0x2ac build/main.o
 .debug_line    0x00000000000002ac      0x27e build/freertos.o
 .debug_line    0x000000000000052a      0x1ed build/stm32f1xx_it.o
 .debug_line    0x0000000000000717      0x16a build/stm32f1xx_hal_msp.o
 .debug_line    0x0000000000000881      0x1fa build/stm32f1xx_hal_timebase_tim.o
 .debug_line    0x0000000000000a7b      0x351 build/stm32f1xx_hal.o
 .debug_line    0x0000000000000dcc      0x48c build/stm32f1xx_hal_rcc.o
 .debug_line    0x0000000000001258      0x31e build/stm32f1xx_hal_gpio.o
 .debug_line    0x0000000000001576      0x328 build/stm32f1xx_hal_cortex.o
 .debug_line    0x000000000000189e      0xbe3 build/stm32f1xx_hal_spi.o
 .debug_line    0x0000000000002481     0x1c4c build/stm32f1xx_hal_tim.o
 .debug_line    0x00000000000040cd      0xe4e build/stm32f1xx_hal_tim_ex.o
 .debug_line    0x0000000000004f1b      0xb03 build/stm32f1xx_hal_uart.o
 .debug_line    0x0000000000005a1e      0x18d build/system_stm32f1xx.o
 .debug_line    0x0000000000005bab      0x242 build/list.o
 .debug_line    0x0000000000005ded      0xb2f build/tasks.o
 .debug_line    0x000000000000691c      0x86a build/cmsis_os.o
 .debug_line    0x0000000000007186      0x2ea build/heap_4.o
 .debug_line    0x0000000000007470      0x296 build/port.o
 .debug_line    0x0000000000007706      0x166 build/gpio.o
 .debug_line    0x000000000000786c      0x1f9 build/spi.o
 .debug_line    0x0000000000007a65      0x1fa build/usart.o
 .debug_line    0x0000000000007c5f       0x72 build/startup_stm32f103xb.o
 .debug_line    0x0000000000007cd1       0xb9 /usr/lib/gcc/arm-none-eabi/6.3.1/../../../arm-none-eabi/lib/thumb/v7-m/libc_nano.a(lib_a-init.o)
 .debug_line    0x0000000000007d8a      0x176 /usr/lib/gcc/arm-none-eabi/6.3.1/../../../arm-none-eabi/lib/thumb/v7-m/libc_nano.a(lib_a-memset.o)

.debug_str      0x0000000000000000     0x5cd2
 .debug_str     0x0000000000000000      0xb80 build/main.o
                                        0xc72 (size before relaxing)
 .debug_str     0x0000000000000b80      0x38e build/freertos.o
                                        0x61e (size before relaxing)
 .debug_str     0x0000000000000f0e       0xa9 build/stm32f1xx_it.o
                                        0x795 (size before relaxing)
 .debug_str     0x0000000000000fb7      0x382 build/stm32f1xx_hal_msp.o
                                        0x5bf (size before relaxing)
 .debug_str     0x0000000000001339      0x108 build/stm32f1xx_hal_timebase_tim.o
                                        0xba6 (size before relaxing)
 .debug_str     0x0000000000001441      0x235 build/stm32f1xx_hal.o
                                        0x849 (size before relaxing)
 .debug_str     0x0000000000001676      0x1fc build/stm32f1xx_hal_rcc.o
                                        0x698 (size before relaxing)
 .debug_str     0x0000000000001872      0x155 build/stm32f1xx_hal_gpio.o
                                        0x4b6 (size before relaxing)
 .debug_str     0x00000000000019c7      0x39c build/stm32f1xx_hal_cortex.o
                                        0x965 (size before relaxing)
 .debug_str     0x0000000000001d63      0x584 build/stm32f1xx_hal_spi.o
                                        0xbf4 (size before relaxing)
 .debug_str     0x00000000000022e7      0xea9 build/stm32f1xx_hal_tim.o
                                       0x16ee (size before relaxing)
 .debug_str     0x0000000000003190      0x5ba build/stm32f1xx_hal_tim_ex.o
                                        0xf18 (size before relaxing)
 .debug_str     0x000000000000374a      0x556 build/stm32f1xx_hal_uart.o
                                        0xc46 (size before relaxing)
 .debug_str     0x0000000000003ca0       0x4f build/system_stm32f1xx.o
                                        0x2cc (size before relaxing)
 .debug_str     0x0000000000003cef      0x4d6 build/list.o
                                        0x6bc (size before relaxing)
 .debug_str     0x00000000000041c5      0xbe0 build/tasks.o
                                       0x1390 (size before relaxing)
 .debug_str     0x0000000000004da5      0x928 build/cmsis_os.o
                                       0x13b3 (size before relaxing)
 .debug_str     0x00000000000056cd      0x1de build/heap_4.o
                                        0x7a5 (size before relaxing)
 .debug_str     0x00000000000058ab      0x16d build/port.o
                                        0x439 (size before relaxing)
 .debug_str     0x0000000000005a18       0x20 build/gpio.o
                                        0x333 (size before relaxing)
 .debug_str     0x0000000000005a38       0x19 build/spi.o
                                        0x72f (size before relaxing)
 .debug_str     0x0000000000005a51       0x1c build/usart.o
                                        0x717 (size before relaxing)
 .debug_str     0x0000000000005a6d      0x14c /usr/lib/gcc/arm-none-eabi/6.3.1/../../../arm-none-eabi/lib/thumb/v7-m/libc_nano.a(lib_a-init.o)
                                        0x1f7 (size before relaxing)
 .debug_str     0x0000000000005bb9      0x119 /usr/lib/gcc/arm-none-eabi/6.3.1/../../../arm-none-eabi/lib/thumb/v7-m/libc_nano.a(lib_a-memset.o)
                                        0x5be (size before relaxing)

.debug_frame    0x0000000000000000     0x35c0
 .debug_frame   0x0000000000000000       0x78 build/main.o
 .debug_frame   0x0000000000000078       0x9c build/freertos.o
 .debug_frame   0x0000000000000114       0x8c build/stm32f1xx_it.o
 .debug_frame   0x00000000000001a0       0x2c build/stm32f1xx_hal_msp.o
 .debug_frame   0x00000000000001cc       0x50 build/stm32f1xx_hal_timebase_tim.o
 .debug_frame   0x000000000000021c      0x1e0 build/stm32f1xx_hal.o
 .debug_frame   0x00000000000003fc      0x1c4 build/stm32f1xx_hal_rcc.o
 .debug_frame   0x00000000000005c0      0x104 build/stm32f1xx_hal_gpio.o
 .debug_frame   0x00000000000006c4      0x13c build/stm32f1xx_hal_cortex.o
 .debug_frame   0x0000000000000800      0x630 build/stm32f1xx_hal_spi.o
 .debug_frame   0x0000000000000e30      0xcf8 build/stm32f1xx_hal_tim.o
 .debug_frame   0x0000000000001b28      0x51c build/stm32f1xx_hal_tim_ex.o
 .debug_frame   0x0000000000002044      0x570 build/stm32f1xx_hal_uart.o
 .debug_frame   0x00000000000025b4       0x30 build/system_stm32f1xx.o
 .debug_frame   0x00000000000025e4       0x70 build/list.o
 .debug_frame   0x0000000000002654      0x604 build/tasks.o
 .debug_frame   0x0000000000002c58      0x644 build/cmsis_os.o
 .debug_frame   0x000000000000329c       0xbc build/heap_4.o
 .debug_frame   0x0000000000003358       0xf4 build/port.o
 .debug_frame   0x000000000000344c       0x3c build/gpio.o
 .debug_frame   0x0000000000003488       0x6c build/spi.o
 .debug_frame   0x00000000000034f4       0x6c build/usart.o
 .debug_frame   0x0000000000003560       0x2c /usr/lib/gcc/arm-none-eabi/6.3.1/../../../arm-none-eabi/lib/thumb/v7-m/libc_nano.a(lib_a-init.o)
 .debug_frame   0x000000000000358c       0x34 /usr/lib/gcc/arm-none-eabi/6.3.1/../../../arm-none-eabi/lib/thumb/v7-m/libc_nano.a(lib_a-memset.o)

Cross Reference Table

Symbol                                            File
ADC1_2_IRQHandler                                 build/startup_stm32f103xb.o
AHBPrescTable                                     build/system_stm32f1xx.o
                                                  build/stm32f1xx_hal_rcc.o
APBPrescTable                                     build/system_stm32f1xx.o
                                                  build/stm32f1xx_hal_rcc.o
BusFault_Handler                                  build/stm32f1xx_it.o
CAN1_RX1_IRQHandler                               build/startup_stm32f103xb.o
CAN1_SCE_IRQHandler                               build/startup_stm32f103xb.o
DMA1_Channel1_IRQHandler                          build/startup_stm32f103xb.o
DMA1_Channel2_IRQHandler                          build/startup_stm32f103xb.o
DMA1_Channel3_IRQHandler                          build/startup_stm32f103xb.o
DMA1_Channel4_IRQHandler                          build/startup_stm32f103xb.o
DMA1_Channel5_IRQHandler                          build/startup_stm32f103xb.o
DMA1_Channel6_IRQHandler                          build/startup_stm32f103xb.o
DMA1_Channel7_IRQHandler                          build/startup_stm32f103xb.o
DebugMon_Handler                                  build/stm32f1xx_it.o
Default_Handler                                   build/startup_stm32f103xb.o
EXTI0_IRQHandler                                  build/startup_stm32f103xb.o
EXTI15_10_IRQHandler                              build/startup_stm32f103xb.o
EXTI1_IRQHandler                                  build/startup_stm32f103xb.o
EXTI2_IRQHandler                                  build/startup_stm32f103xb.o
EXTI3_IRQHandler                                  build/startup_stm32f103xb.o
EXTI4_IRQHandler                                  build/startup_stm32f103xb.o
EXTI9_5_IRQHandler                                build/startup_stm32f103xb.o
Error_Handler                                     build/main.o
                                                  build/usart.o
                                                  build/spi.o
FLASH_IRQHandler                                  build/startup_stm32f103xb.o
FLASH_PageErase                                   build/stm32f1xx_hal_flash_ex.o
                                                  build/stm32f1xx_hal_flash.o
FLASH_WaitForLastOperation                        build/stm32f1xx_hal_flash.o
                                                  build/stm32f1xx_hal_flash_ex.o
HAL_DBGMCU_DisableDBGSleepMode                    build/stm32f1xx_hal.o
HAL_DBGMCU_DisableDBGStandbyMode                  build/stm32f1xx_hal.o
HAL_DBGMCU_DisableDBGStopMode                     build/stm32f1xx_hal.o
HAL_DBGMCU_EnableDBGSleepMode                     build/stm32f1xx_hal.o
HAL_DBGMCU_EnableDBGStandbyMode                   build/stm32f1xx_hal.o
HAL_DBGMCU_EnableDBGStopMode                      build/stm32f1xx_hal.o
HAL_DMA_Abort                                     build/stm32f1xx_hal_dma.o
                                                  build/stm32f1xx_hal_uart.o
                                                  build/stm32f1xx_hal_spi.o
HAL_DMA_Abort_IT                                  build/stm32f1xx_hal_dma.o
                                                  build/stm32f1xx_hal_uart.o
                                                  build/stm32f1xx_hal_tim_ex.o
                                                  build/stm32f1xx_hal_tim.o
                                                  build/stm32f1xx_hal_spi.o
HAL_DMA_DeInit                                    build/stm32f1xx_hal_dma.o
HAL_DMA_GetError                                  build/stm32f1xx_hal_dma.o
                                                  build/stm32f1xx_hal_uart.o
HAL_DMA_GetState                                  build/stm32f1xx_hal_dma.o
HAL_DMA_IRQHandler                                build/stm32f1xx_hal_dma.o
HAL_DMA_Init                                      build/stm32f1xx_hal_dma.o
HAL_DMA_PollForTransfer                           build/stm32f1xx_hal_dma.o
HAL_DMA_RegisterCallback                          build/stm32f1xx_hal_dma.o
HAL_DMA_Start                                     build/stm32f1xx_hal_dma.o
HAL_DMA_Start_IT                                  build/stm32f1xx_hal_dma.o
                                                  build/stm32f1xx_hal_uart.o
                                                  build/stm32f1xx_hal_tim_ex.o
                                                  build/stm32f1xx_hal_tim.o
                                                  build/stm32f1xx_hal_spi.o
HAL_DMA_UnRegisterCallback                        build/stm32f1xx_hal_dma.o
HAL_DeInit                                        build/stm32f1xx_hal.o
HAL_Delay                                         build/stm32f1xx_hal.o
HAL_EXTI_ClearConfigLine                          build/stm32f1xx_hal_exti.o
HAL_EXTI_ClearPending                             build/stm32f1xx_hal_exti.o
HAL_EXTI_GenerateSWI                              build/stm32f1xx_hal_exti.o
HAL_EXTI_GetConfigLine                            build/stm32f1xx_hal_exti.o
HAL_EXTI_GetHandle                                build/stm32f1xx_hal_exti.o
HAL_EXTI_GetPending                               build/stm32f1xx_hal_exti.o
HAL_EXTI_IRQHandler                               build/stm32f1xx_hal_exti.o
HAL_EXTI_RegisterCallback                         build/stm32f1xx_hal_exti.o
HAL_EXTI_SetConfigLine                            build/stm32f1xx_hal_exti.o
HAL_FLASHEx_Erase                                 build/stm32f1xx_hal_flash_ex.o
HAL_FLASHEx_Erase_IT                              build/stm32f1xx_hal_flash_ex.o
HAL_FLASHEx_OBErase                               build/stm32f1xx_hal_flash_ex.o
HAL_FLASHEx_OBGetConfig                           build/stm32f1xx_hal_flash_ex.o
HAL_FLASHEx_OBGetUserData                         build/stm32f1xx_hal_flash_ex.o
HAL_FLASHEx_OBProgram                             build/stm32f1xx_hal_flash_ex.o
HAL_FLASH_EndOfOperationCallback                  build/stm32f1xx_hal_flash.o
HAL_FLASH_GetError                                build/stm32f1xx_hal_flash.o
HAL_FLASH_IRQHandler                              build/stm32f1xx_hal_flash.o
HAL_FLASH_Lock                                    build/stm32f1xx_hal_flash.o
HAL_FLASH_OB_Launch                               build/stm32f1xx_hal_flash.o
HAL_FLASH_OB_Lock                                 build/stm32f1xx_hal_flash.o
HAL_FLASH_OB_Unlock                               build/stm32f1xx_hal_flash.o
HAL_FLASH_OperationErrorCallback                  build/stm32f1xx_hal_flash.o
HAL_FLASH_Program                                 build/stm32f1xx_hal_flash.o
HAL_FLASH_Program_IT                              build/stm32f1xx_hal_flash.o
HAL_FLASH_Unlock                                  build/stm32f1xx_hal_flash.o
HAL_GPIOEx_ConfigEventout                         build/stm32f1xx_hal_gpio_ex.o
HAL_GPIOEx_DisableEventout                        build/stm32f1xx_hal_gpio_ex.o
HAL_GPIOEx_EnableEventout                         build/stm32f1xx_hal_gpio_ex.o
HAL_GPIO_DeInit                                   build/stm32f1xx_hal_gpio.o
                                                  build/usart.o
                                                  build/spi.o
HAL_GPIO_EXTI_Callback                            build/stm32f1xx_hal_gpio.o
HAL_GPIO_EXTI_IRQHandler                          build/stm32f1xx_hal_gpio.o
HAL_GPIO_Init                                     build/stm32f1xx_hal_gpio.o
                                                  build/usart.o
                                                  build/spi.o
                                                  build/gpio.o
                                                  build/stm32f1xx_hal_rcc.o
HAL_GPIO_LockPin                                  build/stm32f1xx_hal_gpio.o
HAL_GPIO_ReadPin                                  build/stm32f1xx_hal_gpio.o
HAL_GPIO_TogglePin                                build/stm32f1xx_hal_gpio.o
HAL_GPIO_WritePin                                 build/stm32f1xx_hal_gpio.o
                                                  build/gpio.o
HAL_GetDEVID                                      build/stm32f1xx_hal.o
HAL_GetHalVersion                                 build/stm32f1xx_hal.o
HAL_GetREVID                                      build/stm32f1xx_hal.o
HAL_GetTick                                       build/stm32f1xx_hal.o
                                                  build/stm32f1xx_hal_uart.o
                                                  build/stm32f1xx_hal_spi.o
                                                  build/stm32f1xx_hal_flash.o
                                                  build/stm32f1xx_hal_dma.o
                                                  build/stm32f1xx_hal_rcc_ex.o
                                                  build/stm32f1xx_hal_rcc.o
HAL_GetTickFreq                                   build/stm32f1xx_hal.o
HAL_GetTickPrio                                   build/stm32f1xx_hal.o
HAL_GetUIDw0                                      build/stm32f1xx_hal.o
HAL_GetUIDw1                                      build/stm32f1xx_hal.o
HAL_GetUIDw2                                      build/stm32f1xx_hal.o
HAL_HalfDuplex_EnableReceiver                     build/stm32f1xx_hal_uart.o
HAL_HalfDuplex_EnableTransmitter                  build/stm32f1xx_hal_uart.o
HAL_HalfDuplex_Init                               build/stm32f1xx_hal_uart.o
HAL_IncTick                                       build/stm32f1xx_hal.o
                                                  build/main.o
HAL_Init                                          build/stm32f1xx_hal.o
                                                  build/main.o
HAL_InitTick                                      build/stm32f1xx_hal_timebase_tim.o
                                                  build/stm32f1xx_hal_rcc.o
HAL_LIN_Init                                      build/stm32f1xx_hal_uart.o
HAL_LIN_SendBreak                                 build/stm32f1xx_hal_uart.o
HAL_MspDeInit                                     build/stm32f1xx_hal.o
HAL_MspInit                                       build/stm32f1xx_hal_msp.o
HAL_MultiProcessor_EnterMuteMode                  build/stm32f1xx_hal_uart.o
HAL_MultiProcessor_ExitMuteMode                   build/stm32f1xx_hal_uart.o
HAL_MultiProcessor_Init                           build/stm32f1xx_hal_uart.o
HAL_NVIC_ClearPendingIRQ                          build/stm32f1xx_hal_cortex.o
HAL_NVIC_DisableIRQ                               build/stm32f1xx_hal_cortex.o
HAL_NVIC_EnableIRQ                                build/stm32f1xx_hal_cortex.o
                                                  build/stm32f1xx_hal_timebase_tim.o
HAL_NVIC_GetActive                                build/stm32f1xx_hal_cortex.o
HAL_NVIC_GetPendingIRQ                            build/stm32f1xx_hal_cortex.o
HAL_NVIC_GetPriority                              build/stm32f1xx_hal_cortex.o
HAL_NVIC_GetPriorityGrouping                      build/stm32f1xx_hal_cortex.o
HAL_NVIC_SetPendingIRQ                            build/stm32f1xx_hal_cortex.o
HAL_NVIC_SetPriority                              build/stm32f1xx_hal_cortex.o
                                                  build/stm32f1xx_hal.o
                                                  build/stm32f1xx_hal_timebase_tim.o
                                                  build/stm32f1xx_hal_msp.o
HAL_NVIC_SetPriorityGrouping                      build/stm32f1xx_hal_cortex.o
                                                  build/stm32f1xx_hal.o
HAL_NVIC_SystemReset                              build/stm32f1xx_hal_cortex.o
                                                  build/stm32f1xx_hal_flash.o
HAL_PWR_ConfigPVD                                 build/stm32f1xx_hal_pwr.o
HAL_PWR_DeInit                                    build/stm32f1xx_hal_pwr.o
HAL_PWR_DisableBkUpAccess                         build/stm32f1xx_hal_pwr.o
HAL_PWR_DisablePVD                                build/stm32f1xx_hal_pwr.o
HAL_PWR_DisableSEVOnPend                          build/stm32f1xx_hal_pwr.o
HAL_PWR_DisableSleepOnExit                        build/stm32f1xx_hal_pwr.o
HAL_PWR_DisableWakeUpPin                          build/stm32f1xx_hal_pwr.o
HAL_PWR_EnableBkUpAccess                          build/stm32f1xx_hal_pwr.o
HAL_PWR_EnablePVD                                 build/stm32f1xx_hal_pwr.o
HAL_PWR_EnableSEVOnPend                           build/stm32f1xx_hal_pwr.o
HAL_PWR_EnableSleepOnExit                         build/stm32f1xx_hal_pwr.o
HAL_PWR_EnableWakeUpPin                           build/stm32f1xx_hal_pwr.o
HAL_PWR_EnterSLEEPMode                            build/stm32f1xx_hal_pwr.o
HAL_PWR_EnterSTANDBYMode                          build/stm32f1xx_hal_pwr.o
HAL_PWR_EnterSTOPMode                             build/stm32f1xx_hal_pwr.o
HAL_PWR_PVDCallback                               build/stm32f1xx_hal_pwr.o
HAL_PWR_PVD_IRQHandler                            build/stm32f1xx_hal_pwr.o
HAL_RCCEx_GetPeriphCLKConfig                      build/stm32f1xx_hal_rcc_ex.o
HAL_RCCEx_GetPeriphCLKFreq                        build/stm32f1xx_hal_rcc_ex.o
HAL_RCCEx_PeriphCLKConfig                         build/stm32f1xx_hal_rcc_ex.o
HAL_RCC_CSSCallback                               build/stm32f1xx_hal_rcc.o
HAL_RCC_ClockConfig                               build/stm32f1xx_hal_rcc.o
                                                  build/main.o
HAL_RCC_DeInit                                    build/stm32f1xx_hal_rcc.o
HAL_RCC_DisableCSS                                build/stm32f1xx_hal_rcc.o
HAL_RCC_EnableCSS                                 build/stm32f1xx_hal_rcc.o
HAL_RCC_GetClockConfig                            build/stm32f1xx_hal_rcc.o
                                                  build/stm32f1xx_hal_timebase_tim.o
HAL_RCC_GetHCLKFreq                               build/stm32f1xx_hal_rcc.o
HAL_RCC_GetOscConfig                              build/stm32f1xx_hal_rcc.o
HAL_RCC_GetPCLK1Freq                              build/stm32f1xx_hal_rcc.o
                                                  build/stm32f1xx_hal_uart.o
HAL_RCC_GetPCLK2Freq                              build/stm32f1xx_hal_rcc.o
                                                  build/stm32f1xx_hal_uart.o
                                                  build/stm32f1xx_hal_rcc_ex.o
                                                  build/stm32f1xx_hal_timebase_tim.o
HAL_RCC_GetSysClockFreq                           build/stm32f1xx_hal_rcc.o
HAL_RCC_MCOConfig                                 build/stm32f1xx_hal_rcc.o
HAL_RCC_NMI_IRQHandler                            build/stm32f1xx_hal_rcc.o
HAL_RCC_OscConfig                                 build/stm32f1xx_hal_rcc.o
                                                  build/main.o
HAL_ResumeTick                                    build/stm32f1xx_hal_timebase_tim.o
HAL_SPI_Abort                                     build/stm32f1xx_hal_spi.o
HAL_SPI_AbortCpltCallback                         build/stm32f1xx_hal_spi.o
HAL_SPI_Abort_IT                                  build/stm32f1xx_hal_spi.o
HAL_SPI_DMAPause                                  build/stm32f1xx_hal_spi.o
HAL_SPI_DMAResume                                 build/stm32f1xx_hal_spi.o
HAL_SPI_DMAStop                                   build/stm32f1xx_hal_spi.o
HAL_SPI_DeInit                                    build/stm32f1xx_hal_spi.o
HAL_SPI_ErrorCallback                             build/stm32f1xx_hal_spi.o
HAL_SPI_GetError                                  build/stm32f1xx_hal_spi.o
HAL_SPI_GetState                                  build/stm32f1xx_hal_spi.o
HAL_SPI_IRQHandler                                build/stm32f1xx_hal_spi.o
HAL_SPI_Init                                      build/stm32f1xx_hal_spi.o
                                                  build/spi.o
HAL_SPI_MspDeInit                                 build/spi.o
                                                  build/stm32f1xx_hal_spi.o
HAL_SPI_MspInit                                   build/spi.o
                                                  build/stm32f1xx_hal_spi.o
HAL_SPI_Receive                                   build/stm32f1xx_hal_spi.o
HAL_SPI_Receive_DMA                               build/stm32f1xx_hal_spi.o
HAL_SPI_Receive_IT                                build/stm32f1xx_hal_spi.o
HAL_SPI_RxCpltCallback                            build/stm32f1xx_hal_spi.o
HAL_SPI_RxHalfCpltCallback                        build/stm32f1xx_hal_spi.o
HAL_SPI_Transmit                                  build/stm32f1xx_hal_spi.o
HAL_SPI_TransmitReceive                           build/stm32f1xx_hal_spi.o
HAL_SPI_TransmitReceive_DMA                       build/stm32f1xx_hal_spi.o
HAL_SPI_TransmitReceive_IT                        build/stm32f1xx_hal_spi.o
HAL_SPI_Transmit_DMA                              build/stm32f1xx_hal_spi.o
HAL_SPI_Transmit_IT                               build/stm32f1xx_hal_spi.o
HAL_SPI_TxCpltCallback                            build/stm32f1xx_hal_spi.o
HAL_SPI_TxHalfCpltCallback                        build/stm32f1xx_hal_spi.o
HAL_SPI_TxRxCpltCallback                          build/stm32f1xx_hal_spi.o
HAL_SPI_TxRxHalfCpltCallback                      build/stm32f1xx_hal_spi.o
HAL_SYSTICK_CLKSourceConfig                       build/stm32f1xx_hal_cortex.o
HAL_SYSTICK_Callback                              build/stm32f1xx_hal_cortex.o
HAL_SYSTICK_Config                                build/stm32f1xx_hal_cortex.o
                                                  build/stm32f1xx_hal.o
HAL_SYSTICK_IRQHandler                            build/stm32f1xx_hal_cortex.o
HAL_SetTickFreq                                   build/stm32f1xx_hal.o
HAL_SuspendTick                                   build/stm32f1xx_hal_timebase_tim.o
HAL_TIMEx_BreakCallback                           build/stm32f1xx_hal_tim_ex.o
                                                  build/stm32f1xx_hal_tim.o
HAL_TIMEx_CommutCallback                          build/stm32f1xx_hal_tim_ex.o
                                                  build/stm32f1xx_hal_tim.o
HAL_TIMEx_CommutHalfCpltCallback                  build/stm32f1xx_hal_tim_ex.o
HAL_TIMEx_ConfigBreakDeadTime                     build/stm32f1xx_hal_tim_ex.o
HAL_TIMEx_ConfigCommutEvent                       build/stm32f1xx_hal_tim_ex.o
HAL_TIMEx_ConfigCommutEvent_DMA                   build/stm32f1xx_hal_tim_ex.o
HAL_TIMEx_ConfigCommutEvent_IT                    build/stm32f1xx_hal_tim_ex.o
HAL_TIMEx_GetChannelNState                        build/stm32f1xx_hal_tim_ex.o
HAL_TIMEx_HallSensor_DeInit                       build/stm32f1xx_hal_tim_ex.o
HAL_TIMEx_HallSensor_GetState                     build/stm32f1xx_hal_tim_ex.o
HAL_TIMEx_HallSensor_Init                         build/stm32f1xx_hal_tim_ex.o
HAL_TIMEx_HallSensor_MspDeInit                    build/stm32f1xx_hal_tim_ex.o
HAL_TIMEx_HallSensor_MspInit                      build/stm32f1xx_hal_tim_ex.o
HAL_TIMEx_HallSensor_Start                        build/stm32f1xx_hal_tim_ex.o
HAL_TIMEx_HallSensor_Start_DMA                    build/stm32f1xx_hal_tim_ex.o
HAL_TIMEx_HallSensor_Start_IT                     build/stm32f1xx_hal_tim_ex.o
HAL_TIMEx_HallSensor_Stop                         build/stm32f1xx_hal_tim_ex.o
HAL_TIMEx_HallSensor_Stop_DMA                     build/stm32f1xx_hal_tim_ex.o
HAL_TIMEx_HallSensor_Stop_IT                      build/stm32f1xx_hal_tim_ex.o
HAL_TIMEx_MasterConfigSynchronization             build/stm32f1xx_hal_tim_ex.o
HAL_TIMEx_OCN_Start                               build/stm32f1xx_hal_tim_ex.o
HAL_TIMEx_OCN_Start_DMA                           build/stm32f1xx_hal_tim_ex.o
HAL_TIMEx_OCN_Start_IT                            build/stm32f1xx_hal_tim_ex.o
HAL_TIMEx_OCN_Stop                                build/stm32f1xx_hal_tim_ex.o
HAL_TIMEx_OCN_Stop_DMA                            build/stm32f1xx_hal_tim_ex.o
HAL_TIMEx_OCN_Stop_IT                             build/stm32f1xx_hal_tim_ex.o
HAL_TIMEx_OnePulseN_Start                         build/stm32f1xx_hal_tim_ex.o
HAL_TIMEx_OnePulseN_Start_IT                      build/stm32f1xx_hal_tim_ex.o
HAL_TIMEx_OnePulseN_Stop                          build/stm32f1xx_hal_tim_ex.o
HAL_TIMEx_OnePulseN_Stop_IT                       build/stm32f1xx_hal_tim_ex.o
HAL_TIMEx_PWMN_Start                              build/stm32f1xx_hal_tim_ex.o
HAL_TIMEx_PWMN_Start_DMA                          build/stm32f1xx_hal_tim_ex.o
HAL_TIMEx_PWMN_Start_IT                           build/stm32f1xx_hal_tim_ex.o
HAL_TIMEx_PWMN_Stop                               build/stm32f1xx_hal_tim_ex.o
HAL_TIMEx_PWMN_Stop_DMA                           build/stm32f1xx_hal_tim_ex.o
HAL_TIMEx_PWMN_Stop_IT                            build/stm32f1xx_hal_tim_ex.o
HAL_TIMEx_RemapConfig                             build/stm32f1xx_hal_tim_ex.o
HAL_TIM_Base_DeInit                               build/stm32f1xx_hal_tim.o
HAL_TIM_Base_GetState                             build/stm32f1xx_hal_tim.o
HAL_TIM_Base_Init                                 build/stm32f1xx_hal_tim.o
                                                  build/stm32f1xx_hal_timebase_tim.o
HAL_TIM_Base_MspDeInit                            build/stm32f1xx_hal_tim.o
HAL_TIM_Base_MspInit                              build/stm32f1xx_hal_tim.o
HAL_TIM_Base_Start                                build/stm32f1xx_hal_tim.o
HAL_TIM_Base_Start_DMA                            build/stm32f1xx_hal_tim.o
HAL_TIM_Base_Start_IT                             build/stm32f1xx_hal_tim.o
                                                  build/stm32f1xx_hal_timebase_tim.o
HAL_TIM_Base_Stop                                 build/stm32f1xx_hal_tim.o
HAL_TIM_Base_Stop_DMA                             build/stm32f1xx_hal_tim.o
HAL_TIM_Base_Stop_IT                              build/stm32f1xx_hal_tim.o
HAL_TIM_ConfigClockSource                         build/stm32f1xx_hal_tim.o
HAL_TIM_ConfigOCrefClear                          build/stm32f1xx_hal_tim.o
HAL_TIM_ConfigTI1Input                            build/stm32f1xx_hal_tim.o
HAL_TIM_DMABurstState                             build/stm32f1xx_hal_tim.o
HAL_TIM_DMABurst_MultiReadStart                   build/stm32f1xx_hal_tim.o
HAL_TIM_DMABurst_MultiWriteStart                  build/stm32f1xx_hal_tim.o
HAL_TIM_DMABurst_ReadStart                        build/stm32f1xx_hal_tim.o
HAL_TIM_DMABurst_ReadStop                         build/stm32f1xx_hal_tim.o
HAL_TIM_DMABurst_WriteStart                       build/stm32f1xx_hal_tim.o
HAL_TIM_DMABurst_WriteStop                        build/stm32f1xx_hal_tim.o
HAL_TIM_Encoder_DeInit                            build/stm32f1xx_hal_tim.o
HAL_TIM_Encoder_GetState                          build/stm32f1xx_hal_tim.o
HAL_TIM_Encoder_Init                              build/stm32f1xx_hal_tim.o
HAL_TIM_Encoder_MspDeInit                         build/stm32f1xx_hal_tim.o
HAL_TIM_Encoder_MspInit                           build/stm32f1xx_hal_tim.o
HAL_TIM_Encoder_Start                             build/stm32f1xx_hal_tim.o
HAL_TIM_Encoder_Start_DMA                         build/stm32f1xx_hal_tim.o
HAL_TIM_Encoder_Start_IT                          build/stm32f1xx_hal_tim.o
HAL_TIM_Encoder_Stop                              build/stm32f1xx_hal_tim.o
HAL_TIM_Encoder_Stop_DMA                          build/stm32f1xx_hal_tim.o
HAL_TIM_Encoder_Stop_IT                           build/stm32f1xx_hal_tim.o
HAL_TIM_ErrorCallback                             build/stm32f1xx_hal_tim.o
                                                  build/stm32f1xx_hal_tim_ex.o
HAL_TIM_GenerateEvent                             build/stm32f1xx_hal_tim.o
HAL_TIM_GetActiveChannel                          build/stm32f1xx_hal_tim.o
HAL_TIM_GetChannelState                           build/stm32f1xx_hal_tim.o
HAL_TIM_IC_CaptureCallback                        build/stm32f1xx_hal_tim.o
HAL_TIM_IC_CaptureHalfCpltCallback                build/stm32f1xx_hal_tim.o
HAL_TIM_IC_ConfigChannel                          build/stm32f1xx_hal_tim.o
HAL_TIM_IC_DeInit                                 build/stm32f1xx_hal_tim.o
HAL_TIM_IC_GetState                               build/stm32f1xx_hal_tim.o
HAL_TIM_IC_Init                                   build/stm32f1xx_hal_tim.o
HAL_TIM_IC_MspDeInit                              build/stm32f1xx_hal_tim.o
HAL_TIM_IC_MspInit                                build/stm32f1xx_hal_tim.o
HAL_TIM_IC_Start                                  build/stm32f1xx_hal_tim.o
HAL_TIM_IC_Start_DMA                              build/stm32f1xx_hal_tim.o
HAL_TIM_IC_Start_IT                               build/stm32f1xx_hal_tim.o
HAL_TIM_IC_Stop                                   build/stm32f1xx_hal_tim.o
HAL_TIM_IC_Stop_DMA                               build/stm32f1xx_hal_tim.o
HAL_TIM_IC_Stop_IT                                build/stm32f1xx_hal_tim.o
HAL_TIM_IRQHandler                                build/stm32f1xx_hal_tim.o
                                                  build/stm32f1xx_it.o
HAL_TIM_OC_ConfigChannel                          build/stm32f1xx_hal_tim.o
HAL_TIM_OC_DeInit                                 build/stm32f1xx_hal_tim.o
HAL_TIM_OC_DelayElapsedCallback                   build/stm32f1xx_hal_tim.o
HAL_TIM_OC_GetState                               build/stm32f1xx_hal_tim.o
HAL_TIM_OC_Init                                   build/stm32f1xx_hal_tim.o
HAL_TIM_OC_MspDeInit                              build/stm32f1xx_hal_tim.o
HAL_TIM_OC_MspInit                                build/stm32f1xx_hal_tim.o
HAL_TIM_OC_Start                                  build/stm32f1xx_hal_tim.o
HAL_TIM_OC_Start_DMA                              build/stm32f1xx_hal_tim.o
HAL_TIM_OC_Start_IT                               build/stm32f1xx_hal_tim.o
HAL_TIM_OC_Stop                                   build/stm32f1xx_hal_tim.o
HAL_TIM_OC_Stop_DMA                               build/stm32f1xx_hal_tim.o
HAL_TIM_OC_Stop_IT                                build/stm32f1xx_hal_tim.o
HAL_TIM_OnePulse_ConfigChannel                    build/stm32f1xx_hal_tim.o
HAL_TIM_OnePulse_DeInit                           build/stm32f1xx_hal_tim.o
HAL_TIM_OnePulse_GetState                         build/stm32f1xx_hal_tim.o
HAL_TIM_OnePulse_Init                             build/stm32f1xx_hal_tim.o
HAL_TIM_OnePulse_MspDeInit                        build/stm32f1xx_hal_tim.o
HAL_TIM_OnePulse_MspInit                          build/stm32f1xx_hal_tim.o
HAL_TIM_OnePulse_Start                            build/stm32f1xx_hal_tim.o
HAL_TIM_OnePulse_Start_IT                         build/stm32f1xx_hal_tim.o
HAL_TIM_OnePulse_Stop                             build/stm32f1xx_hal_tim.o
HAL_TIM_OnePulse_Stop_IT                          build/stm32f1xx_hal_tim.o
HAL_TIM_PWM_ConfigChannel                         build/stm32f1xx_hal_tim.o
HAL_TIM_PWM_DeInit                                build/stm32f1xx_hal_tim.o
HAL_TIM_PWM_GetState                              build/stm32f1xx_hal_tim.o
HAL_TIM_PWM_Init                                  build/stm32f1xx_hal_tim.o
HAL_TIM_PWM_MspDeInit                             build/stm32f1xx_hal_tim.o
HAL_TIM_PWM_MspInit                               build/stm32f1xx_hal_tim.o
HAL_TIM_PWM_PulseFinishedCallback                 build/stm32f1xx_hal_tim.o
                                                  build/stm32f1xx_hal_tim_ex.o
HAL_TIM_PWM_PulseFinishedHalfCpltCallback         build/stm32f1xx_hal_tim.o
HAL_TIM_PWM_Start                                 build/stm32f1xx_hal_tim.o
HAL_TIM_PWM_Start_DMA                             build/stm32f1xx_hal_tim.o
HAL_TIM_PWM_Start_IT                              build/stm32f1xx_hal_tim.o
HAL_TIM_PWM_Stop                                  build/stm32f1xx_hal_tim.o
HAL_TIM_PWM_Stop_DMA                              build/stm32f1xx_hal_tim.o
HAL_TIM_PWM_Stop_IT                               build/stm32f1xx_hal_tim.o
HAL_TIM_PeriodElapsedCallback                     build/main.o
HAL_TIM_PeriodElapsedHalfCpltCallback             build/stm32f1xx_hal_tim.o
HAL_TIM_ReadCapturedValue                         build/stm32f1xx_hal_tim.o
HAL_TIM_SlaveConfigSynchro                        build/stm32f1xx_hal_tim.o
HAL_TIM_SlaveConfigSynchro_IT                     build/stm32f1xx_hal_tim.o
HAL_TIM_TriggerCallback                           build/stm32f1xx_hal_tim.o
HAL_TIM_TriggerHalfCpltCallback                   build/stm32f1xx_hal_tim.o
HAL_UART_Abort                                    build/stm32f1xx_hal_uart.o
HAL_UART_AbortCpltCallback                        build/stm32f1xx_hal_uart.o
HAL_UART_AbortReceive                             build/stm32f1xx_hal_uart.o
HAL_UART_AbortReceiveCpltCallback                 build/stm32f1xx_hal_uart.o
HAL_UART_AbortReceive_IT                          build/stm32f1xx_hal_uart.o
HAL_UART_AbortTransmit                            build/stm32f1xx_hal_uart.o
HAL_UART_AbortTransmitCpltCallback                build/stm32f1xx_hal_uart.o
HAL_UART_AbortTransmit_IT                         build/stm32f1xx_hal_uart.o
HAL_UART_Abort_IT                                 build/stm32f1xx_hal_uart.o
HAL_UART_DMAPause                                 build/stm32f1xx_hal_uart.o
HAL_UART_DMAResume                                build/stm32f1xx_hal_uart.o
HAL_UART_DMAStop                                  build/stm32f1xx_hal_uart.o
HAL_UART_DeInit                                   build/stm32f1xx_hal_uart.o
HAL_UART_ErrorCallback                            build/stm32f1xx_hal_uart.o
HAL_UART_GetError                                 build/stm32f1xx_hal_uart.o
HAL_UART_GetState                                 build/stm32f1xx_hal_uart.o
HAL_UART_IRQHandler                               build/stm32f1xx_hal_uart.o
HAL_UART_Init                                     build/stm32f1xx_hal_uart.o
                                                  build/usart.o
HAL_UART_MspDeInit                                build/usart.o
                                                  build/stm32f1xx_hal_uart.o
HAL_UART_MspInit                                  build/usart.o
                                                  build/stm32f1xx_hal_uart.o
HAL_UART_Receive                                  build/stm32f1xx_hal_uart.o
HAL_UART_Receive_DMA                              build/stm32f1xx_hal_uart.o
HAL_UART_Receive_IT                               build/stm32f1xx_hal_uart.o
HAL_UART_RxCpltCallback                           build/stm32f1xx_hal_uart.o
HAL_UART_RxHalfCpltCallback                       build/stm32f1xx_hal_uart.o
HAL_UART_Transmit                                 build/stm32f1xx_hal_uart.o
HAL_UART_Transmit_DMA                             build/stm32f1xx_hal_uart.o
HAL_UART_Transmit_IT                              build/stm32f1xx_hal_uart.o
HAL_UART_TxCpltCallback                           build/stm32f1xx_hal_uart.o
HAL_UART_TxHalfCpltCallback                       build/stm32f1xx_hal_uart.o
HardFault_Handler                                 build/stm32f1xx_it.o
I2C1_ER_IRQHandler                                build/startup_stm32f103xb.o
I2C1_EV_IRQHandler                                build/startup_stm32f103xb.o
I2C2_ER_IRQHandler                                build/startup_stm32f103xb.o
I2C2_EV_IRQHandler                                build/startup_stm32f103xb.o
MX_FREERTOS_Init                                  build/freertos.o
                                                  build/main.o
MX_GPIO_Init                                      build/gpio.o
                                                  build/main.o
MX_SPI2_Init                                      build/spi.o
                                                  build/main.o
MX_USART1_UART_Init                               build/usart.o
                                                  build/main.o
MemManage_Handler                                 build/stm32f1xx_it.o
NMI_Handler                                       build/stm32f1xx_it.o
PVD_IRQHandler                                    build/startup_stm32f103xb.o
PendSV_Handler                                    build/port.o
RCC_IRQHandler                                    build/startup_stm32f103xb.o
RTC_Alarm_IRQHandler                              build/startup_stm32f103xb.o
RTC_IRQHandler                                    build/startup_stm32f103xb.o
Reset_Handler                                     build/startup_stm32f103xb.o
SPI1_IRQHandler                                   build/startup_stm32f103xb.o
SPI2_IRQHandler                                   build/startup_stm32f103xb.o
SVC_Handler                                       build/port.o
SysTick_Handler                                   build/port.o
                                                  build/cmsis_os.o
SystemClock_Config                                build/main.o
SystemCoreClock                                   build/system_stm32f1xx.o
                                                  build/port.o
                                                  build/stm32f1xx_hal_spi.o
                                                  build/stm32f1xx_hal_rcc.o
                                                  build/stm32f1xx_hal.o
SystemCoreClockUpdate                             build/system_stm32f1xx.o
SystemInit                                        build/system_stm32f1xx.o
                                                  build/startup_stm32f103xb.o
TAMPER_IRQHandler                                 build/startup_stm32f103xb.o
TIM1_BRK_IRQHandler                               build/startup_stm32f103xb.o
TIM1_CC_IRQHandler                                build/startup_stm32f103xb.o
TIM1_TRG_COM_IRQHandler                           build/startup_stm32f103xb.o
TIM1_UP_IRQHandler                                build/stm32f1xx_it.o
TIM2_IRQHandler                                   build/startup_stm32f103xb.o
TIM3_IRQHandler                                   build/startup_stm32f103xb.o
TIM4_IRQHandler                                   build/startup_stm32f103xb.o
TIMEx_DMACommutationCplt                          build/stm32f1xx_hal_tim_ex.o
                                                  build/stm32f1xx_hal_tim.o
TIMEx_DMACommutationHalfCplt                      build/stm32f1xx_hal_tim_ex.o
                                                  build/stm32f1xx_hal_tim.o
TIM_Base_SetConfig                                build/stm32f1xx_hal_tim.o
                                                  build/stm32f1xx_hal_tim_ex.o
TIM_CCxChannelCmd                                 build/stm32f1xx_hal_tim.o
                                                  build/stm32f1xx_hal_tim_ex.o
TIM_DMACaptureCplt                                build/stm32f1xx_hal_tim.o
                                                  build/stm32f1xx_hal_tim_ex.o
TIM_DMACaptureHalfCplt                            build/stm32f1xx_hal_tim.o
                                                  build/stm32f1xx_hal_tim_ex.o
TIM_DMADelayPulseHalfCplt                         build/stm32f1xx_hal_tim.o
                                                  build/stm32f1xx_hal_tim_ex.o
TIM_DMAError                                      build/stm32f1xx_hal_tim.o
                                                  build/stm32f1xx_hal_tim_ex.o
TIM_ETR_SetConfig                                 build/stm32f1xx_hal_tim.o
TIM_OC2_SetConfig                                 build/stm32f1xx_hal_tim.o
                                                  build/stm32f1xx_hal_tim_ex.o
TIM_TI1_SetConfig                                 build/stm32f1xx_hal_tim.o
                                                  build/stm32f1xx_hal_tim_ex.o
USART1_IRQHandler                                 build/startup_stm32f103xb.o
USART2_IRQHandler                                 build/startup_stm32f103xb.o
USART3_IRQHandler                                 build/startup_stm32f103xb.o
USBWakeUp_IRQHandler                              build/startup_stm32f103xb.o
USB_HP_CAN1_TX_IRQHandler                         build/startup_stm32f103xb.o
USB_LP_CAN1_RX0_IRQHandler                        build/startup_stm32f103xb.o
UsageFault_Handler                                build/stm32f1xx_it.o
WWDG_IRQHandler                                   build/startup_stm32f103xb.o
_ITM_deregisterTMCloneTable                       /usr/lib/gcc/arm-none-eabi/6.3.1/thumb/v7-m/crtbegin.o
_ITM_registerTMCloneTable                         /usr/lib/gcc/arm-none-eabi/6.3.1/thumb/v7-m/crtbegin.o
_Jv_RegisterClasses                               /usr/lib/gcc/arm-none-eabi/6.3.1/thumb/v7-m/crtbegin.o
__TMC_END__                                       /usr/lib/gcc/arm-none-eabi/6.3.1/thumb/v7-m/crtend.o
                                                  /usr/lib/gcc/arm-none-eabi/6.3.1/thumb/v7-m/crtbegin.o
__atexit_dummy                                    /usr/lib/gcc/arm-none-eabi/6.3.1/../../../arm-none-eabi/lib/thumb/v7-m/libc_nano.a(lib_a-__atexit.o)
__bss_end__                                       /usr/lib/gcc/arm-none-eabi/6.3.1/../../../arm-none-eabi/lib/thumb/v7-m/crt0.o
__bss_start__                                     /usr/lib/gcc/arm-none-eabi/6.3.1/../../../arm-none-eabi/lib/thumb/v7-m/crt0.o
__call_exitprocs                                  /usr/lib/gcc/arm-none-eabi/6.3.1/../../../arm-none-eabi/lib/thumb/v7-m/libc_nano.a(lib_a-__call_atexit.o)
                                                  /usr/lib/gcc/arm-none-eabi/6.3.1/../../../arm-none-eabi/lib/thumb/v7-m/libc_nano.a(lib_a-__atexit.o)
                                                  /usr/lib/gcc/arm-none-eabi/6.3.1/../../../arm-none-eabi/lib/thumb/v7-m/libc_nano.a(lib_a-exit.o)
__deregister_frame_info                           /usr/lib/gcc/arm-none-eabi/6.3.1/thumb/v7-m/crtbegin.o
__dso_handle                                      /usr/lib/gcc/arm-none-eabi/6.3.1/thumb/v7-m/crtbegin.o
__fini_array_end                                  /usr/lib/gcc/arm-none-eabi/6.3.1/../../../arm-none-eabi/lib/thumb/v7-m/libc_nano.a(lib_a-fini.o)
__fini_array_start                                /usr/lib/gcc/arm-none-eabi/6.3.1/../../../arm-none-eabi/lib/thumb/v7-m/libc_nano.a(lib_a-fini.o)
__init_array_end                                  /usr/lib/gcc/arm-none-eabi/6.3.1/../../../arm-none-eabi/lib/thumb/v7-m/libc_nano.a(lib_a-init.o)
__init_array_start                                /usr/lib/gcc/arm-none-eabi/6.3.1/../../../arm-none-eabi/lib/thumb/v7-m/libc_nano.a(lib_a-init.o)
__libc_fini_array                                 /usr/lib/gcc/arm-none-eabi/6.3.1/../../../arm-none-eabi/lib/thumb/v7-m/libc_nano.a(lib_a-fini.o)
                                                  /usr/lib/gcc/arm-none-eabi/6.3.1/../../../arm-none-eabi/lib/thumb/v7-m/crt0.o
__libc_init_array                                 /usr/lib/gcc/arm-none-eabi/6.3.1/../../../arm-none-eabi/lib/thumb/v7-m/libc_nano.a(lib_a-init.o)
                                                  build/startup_stm32f103xb.o
                                                  /usr/lib/gcc/arm-none-eabi/6.3.1/../../../arm-none-eabi/lib/thumb/v7-m/crt0.o
__on_exit_args                                    /usr/lib/gcc/arm-none-eabi/6.3.1/../../../arm-none-eabi/lib/thumb/v7-m/libc_nano.a(lib_a-__atexit.o)
__preinit_array_end                               /usr/lib/gcc/arm-none-eabi/6.3.1/../../../arm-none-eabi/lib/thumb/v7-m/libc_nano.a(lib_a-init.o)
__preinit_array_start                             /usr/lib/gcc/arm-none-eabi/6.3.1/../../../arm-none-eabi/lib/thumb/v7-m/libc_nano.a(lib_a-init.o)
__register_exitproc                               /usr/lib/gcc/arm-none-eabi/6.3.1/../../../arm-none-eabi/lib/thumb/v7-m/libc_nano.a(lib_a-__atexit.o)
                                                  /usr/lib/gcc/arm-none-eabi/6.3.1/../../../arm-none-eabi/lib/thumb/v7-m/libc_nano.a(lib_a-atexit.o)
__register_frame_info                             /usr/lib/gcc/arm-none-eabi/6.3.1/thumb/v7-m/crtbegin.o
__sf_fake_stderr                                  /usr/lib/gcc/arm-none-eabi/6.3.1/../../../arm-none-eabi/lib/thumb/v7-m/libc_nano.a(lib_a-impure.o)
__sf_fake_stdin                                   /usr/lib/gcc/arm-none-eabi/6.3.1/../../../arm-none-eabi/lib/thumb/v7-m/libc_nano.a(lib_a-impure.o)
__sf_fake_stdout                                  /usr/lib/gcc/arm-none-eabi/6.3.1/../../../arm-none-eabi/lib/thumb/v7-m/libc_nano.a(lib_a-impure.o)
__stack                                           /usr/lib/gcc/arm-none-eabi/6.3.1/../../../arm-none-eabi/lib/thumb/v7-m/crt0.o
_ebss                                             build/startup_stm32f103xb.o
_edata                                            build/startup_stm32f103xb.o
_estack                                           build/startup_stm32f103xb.o
_exit                                             /usr/lib/gcc/arm-none-eabi/6.3.1/../../../arm-none-eabi/lib/thumb/v7-m/libnosys.a(_exit.o)
                                                  /usr/lib/gcc/arm-none-eabi/6.3.1/../../../arm-none-eabi/lib/thumb/v7-m/libc_nano.a(lib_a-exit.o)
_fini                                             /usr/lib/gcc/arm-none-eabi/6.3.1/thumb/v7-m/crti.o
                                                  /usr/lib/gcc/arm-none-eabi/6.3.1/../../../arm-none-eabi/lib/thumb/v7-m/libc_nano.a(lib_a-fini.o)
_global_atexit                                    /usr/lib/gcc/arm-none-eabi/6.3.1/../../../arm-none-eabi/lib/thumb/v7-m/libc_nano.a(lib_a-__call_atexit.o)
                                                  /usr/lib/gcc/arm-none-eabi/6.3.1/../../../arm-none-eabi/lib/thumb/v7-m/libc_nano.a(lib_a-__atexit.o)
_global_impure_ptr                                /usr/lib/gcc/arm-none-eabi/6.3.1/../../../arm-none-eabi/lib/thumb/v7-m/libc_nano.a(lib_a-impure.o)
                                                  /usr/lib/gcc/arm-none-eabi/6.3.1/../../../arm-none-eabi/lib/thumb/v7-m/libc_nano.a(lib_a-exit.o)
_impure_ptr                                       /usr/lib/gcc/arm-none-eabi/6.3.1/../../../arm-none-eabi/lib/thumb/v7-m/libc_nano.a(lib_a-impure.o)
_init                                             /usr/lib/gcc/arm-none-eabi/6.3.1/thumb/v7-m/crti.o
                                                  /usr/lib/gcc/arm-none-eabi/6.3.1/../../../arm-none-eabi/lib/thumb/v7-m/libc_nano.a(lib_a-init.o)